Archive member included because of file (symbol)

startup/libea_startup_thumb.a(consol.o)
                              main.o (consolSendCh)
startup/libea_startup_thumb.a(framework.o)
                              main.o (eaInit)
startup/libea_startup_thumb.a(startup.o)
                              (_startup)
pre_emptive_os/pre_emptive_os.a(kernel.o)
                              main.o (osInit)
pre_emptive_os/pre_emptive_os.a(prioqueue.o)
                              pre_emptive_os/pre_emptive_os.a(kernel.o) (initPrioQueue)
pre_emptive_os/pre_emptive_os.a(timer.o)
                              pre_emptive_os/pre_emptive_os.a(kernel.o) (timerTick)
pre_emptive_os/pre_emptive_os.a(stack_usage.o)
                              pre_emptive_os/pre_emptive_os.a(kernel.o) (createStackPattern)
pre_emptive_os/pre_emptive_os.a(a7hal.o)
                              pre_emptive_os/pre_emptive_os.a(kernel.o) (stkFrameInit_oshal)
pre_emptive_os/pre_emptive_os.a(a7hal_a.o)
                              pre_emptive_os/pre_emptive_os.a(kernel.o) (startHighProc_oshal)
pre_emptive_os/pre_emptive_os.a(count_sem.o)
                              pre_emptive_os/pre_emptive_os.a(timer.o) (osSemInit)
pre_emptive_os/pre_emptive_os.a(event.o)
                              pre_emptive_os/pre_emptive_os.a(count_sem.o) (eventInit)
/cygdrive/c/gnuarm/bin/../lib/gcc/arm-elf/4.1.1/interwork/libgcc.a(_udivsi3.o)
                              main.o (__udivsi3)
/cygdrive/c/gnuarm/bin/../lib/gcc/arm-elf/4.1.1/interwork/libgcc.a(_divsi3.o)
                              main.o (__divsi3)
/cygdrive/c/gnuarm/bin/../lib/gcc/arm-elf/4.1.1/interwork/libgcc.a(_umodsi3.o)
                              main.o (__umodsi3)
/cygdrive/c/gnuarm/bin/../lib/gcc/arm-elf/4.1.1/interwork/libgcc.a(_dvmd_tls.o)
                              /cygdrive/c/gnuarm/bin/../lib/gcc/arm-elf/4.1.1/interwork/libgcc.a(_udivsi3.o) (__div0)
/cygdrive/c/gnuarm/bin/../lib/gcc/arm-elf/4.1.1/interwork/libgcc.a(_call_via_rX.o)
                              pre_emptive_os/pre_emptive_os.a(timer.o) (_call_via_r4)
/cygdrive/c/gnuarm/bin/../lib/gcc/arm-elf/4.1.1/../../../../arm-elf/lib/interwork/libc.a(atoi.o)
                              startup/libea_startup_thumb.a(consol.o) (atoi)
/cygdrive/c/gnuarm/bin/../lib/gcc/arm-elf/4.1.1/../../../../arm-elf/lib/interwork/libc.a(memcpy.o)
                              eepromTest.o (memcpy)
/cygdrive/c/gnuarm/bin/../lib/gcc/arm-elf/4.1.1/../../../../arm-elf/lib/interwork/libc.a(strlen.o)
                              eepromTest.o (strlen)
/cygdrive/c/gnuarm/bin/../lib/gcc/arm-elf/4.1.1/../../../../arm-elf/lib/interwork/libc.a(strtol.o)
                              /cygdrive/c/gnuarm/bin/../lib/gcc/arm-elf/4.1.1/../../../../arm-elf/lib/interwork/libc.a(atoi.o) (_strtol_r)
/cygdrive/c/gnuarm/bin/../lib/gcc/arm-elf/4.1.1/../../../../arm-elf/lib/interwork/libc.a(ctype_.o)
                              /cygdrive/c/gnuarm/bin/../lib/gcc/arm-elf/4.1.1/../../../../arm-elf/lib/interwork/libc.a(strtol.o) (__ctype_ptr)
/cygdrive/c/gnuarm/bin/../lib/gcc/arm-elf/4.1.1/../../../../arm-elf/lib/interwork/libc.a(impure.o)
                              /cygdrive/c/gnuarm/bin/../lib/gcc/arm-elf/4.1.1/../../../../arm-elf/lib/interwork/libc.a(strtol.o) (_impure_ptr)

Allocating common symbols
Common symbol       size              file

pHeapEnd            0x4               startup/libea_startup_thumb.a(framework.o)
pHeapStart          0x4               startup/libea_startup_thumb.a(framework.o)
msClock             0x4               main.o
processControlBlocks
                    0xf0              pre_emptive_os/pre_emptive_os.a(kernel.o)

Discarded input sections

 .stabstr       0x00000000        0x0 startup/libea_startup_thumb.a(startup.o)
 .stabstr       0x00000000        0x0 pre_emptive_os/pre_emptive_os.a(a7hal_a.o)

Memory Configuration

Name             Origin             Length             Attributes
FLASH            0x00000000         0x00080000         xr
RAM              0x40000000         0x00008000         rw
*default*        0x00000000         0xffffffff

Linker script and memory map

LOAD main.o
LOAD eepromTest.o
LOAD eeprom.o
LOAD i2c.o
LOAD adc.o
LOAD pca9532.o
LOAD lcd.o
LOAD lcd_hw.o
LOAD startup/libea_startup_thumb.a
LOAD pre_emptive_os/pre_emptive_os.a
START GROUP
LOAD /cygdrive/c/gnuarm/bin/../lib/gcc/arm-elf/4.1.1/interwork/libgcc.a
LOAD /cygdrive/c/gnuarm/bin/../lib/gcc/arm-elf/4.1.1/../../../../arm-elf/lib/interwork/libc.a
END GROUP

.text           0x00000000     0x398c
 *startup.o(.text)
 .text          0x00000000      0x1d8 startup/libea_startup_thumb.a(startup.o)
                0x00000000                _startup
 *(.text)
 .text          0x000001d8      0x914 main.o
                0x0000023c                readTouch
                0x0000022c                appTick
                0x000001d8                udelay
                0x00000300                main
 .text          0x00000aec      0x25c eepromTest.o
                0x00000aec                testEEPROM
 .text          0x00000d48      0x2b4 eeprom.o
                0x00000de0                pca9532
                0x00000ecc                eepromWrite
                0x00000fb0                eepromPoll
                0x00000f38                eepromPageRead
                0x00000d48                eepromStartRead
 .text          0x00000ffc      0x39c i2c.o
                0x00001014                i2cInit
                0x00001258                i2cRead
                0x00001184                i2cWriteWithWait
                0x00001060                i2cStart
                0x000010ac                i2cStop
                0x00000ffc                i2cCheckStatus
                0x00001100                i2cGetChar
                0x0000120c                i2cRepeatStart
                0x000012f8                i2cWrite
                0x00001158                i2cWaitTransmit
                0x000011b4                i2cMyWrite
                0x000010d4                i2cPutChar
 .text          0x00001398       0x94 adc.o
                0x00001398                getAnalogueInput
                0x000013d0                initAdc
 .text          0x0000142c       0xec pca9532.o
                0x00001454                setPca9532Pin
                0x0000142c                getPca9532Pin
                0x000014e0                pca9532Init
 .text          0x00001518      0x570 lcd.o
                0x00001518                lcdColor
                0x000016e4                lcdWindow
                0x00001924                lcdClrscr
                0x000017ec                lcdRectBrd
                0x00001668                lcdPutchar
                0x00001900                lcdContrast
                0x00001978                lcdOff
                0x00001994                lcdInit
                0x0000173c                lcdIcon
                0x000015a0                lcdData
                0x0000152c                lcdWrdata
                0x0000189c                lcdRect
                0x0000153c                lcdWrcmd
                0x000016cc                lcdPuts
                0x00001714                lcdGotoxy
 .text          0x00001a88       0xd8 lcd_hw.o
                0x00001a88                sendToLCD
                0x00001b24                initSpiForLcd
                0x00001b04                selectLCD
 .text          0x00001b60      0x67c startup/libea_startup_thumb.a(consol.o)
                0x00002018                consolGetIntNum
                0x00001c54                consolSendCh
                0x00001e20                consolGetString
                0x00001cc4                consolSendNumber
                0x00001ddc                consolGetCh
                0x00001c34                consolSendChar
                0x00001e98                simplePrintf
                0x00001c98                consolSendString
                0x000020f8                consolScanf
                0x00001dfc                consolGetChar
                0x00001be4                consolInit
 .text          0x000021dc      0x2c0 startup/libea_startup_thumb.a(framework.o)
                0x00002308                eaInit
                0x00002254                lowLevelInit
                0x000021dc                exceptionHandlerInit
 .text          0x0000249c      0x4f8 pre_emptive_os/pre_emptive_os.a(kernel.o)
                0x00002818                osTick
                0x000028dc                rmvFromRdyList
                0x00002638                osGetHighPrioProc
                0x000028f8                osSuspend
                0x0000254c                osInit
                0x0000292c                osDeleteProcess
                0x00002578                osISREnter
                0x00002654                schedule
                0x0000259c                osCreateProcess
                0x00002798                addToRdyList
                0x000024e8                addToTimeList
                0x000027ac                osResume
                0x0000249c                osPid
                0x0000295c                osSleep
                0x000026c0                osISRExit
                0x00002728                osStart
                0x00002754                rmvFromTimeList
                0x00002874                osStartProcess
 .text          0x00002994      0x124 pre_emptive_os/pre_emptive_os.a(prioqueue.o)
                0x00002994                initPrioQueue
                0x000029fc                rmvFromPrioQueue
                0x000029b4                addToPrioQueue
                0x00002a98                isEmptyPrioQueue
                0x00002a60                getHighPrioQueue
 .text          0x00002ab8      0x218 pre_emptive_os/pre_emptive_os.a(timer.o)
                0x00002ab8                timerTick
                0x00002c2c                osInitTimers
                0x00002bc8                osDeleteTimer
                0x00002b9c                osCreateTimer
 .text          0x00002cd0       0xa4 pre_emptive_os/pre_emptive_os.a(stack_usage.o)
                0x00002cd0                osStackUsage
                0x00002d14                createStackPattern
                0x00002d34                checkStackLimit
 .text          0x00002d74      0x1ec pre_emptive_os/pre_emptive_os.a(a7hal.o)
                0x00002dac                stkFrameInit_oshal
                0x00002d74                timerIsr_oshal
                0x00002e8c                halRestoreInterrupts_oshal
                0x00002e94                initTimer_oshal
                0x00002e7c                halEnableInterrupts_oshal
                0x00002f2c                handleIRQs_oshal
                0x00002e5c                halDisableInterrupts_oshal
 .text          0x00002f60       0xc4 pre_emptive_os/pre_emptive_os.a(a7hal_a.o)
                0x00002f6c                startHighProc_oshal
                0x00002f94                ctxSwitchIsr_oshal
                0x00002f74                ctxSwitch_oshal
                0x00002fb4                generalIRQ_oshal
 .text          0x00003024      0x144 pre_emptive_os/pre_emptive_os.a(count_sem.o)
                0x000030c4                osSemGive
                0x00003128                osSemTryTake
                0x00003024                osSemInit
                0x00003038                osSemTake
 .text          0x00003168       0xd8 pre_emptive_os/pre_emptive_os.a(event.o)
                0x00003178                eventWait
                0x00003168                eventInit
                0x000031e0                eventIsEmpty
                0x000031b0                eventWaitReturn
                0x000031f0                eventSignal
 .text          0x00003240      0x114 /cygdrive/c/gnuarm/bin/../lib/gcc/arm-elf/4.1.1/interwork/libgcc.a(_udivsi3.o)
                0x00003240                __udivsi3
                0x00003240                __aeabi_uidiv
                0x0000333c                __aeabi_uidivmod
 .text          0x00003354      0x144 /cygdrive/c/gnuarm/bin/../lib/gcc/arm-elf/4.1.1/interwork/libgcc.a(_divsi3.o)
                0x00003354                __aeabi_idiv
                0x00003354                __divsi3
                0x00003480                __aeabi_idivmod
 .text          0x00003498       0xd0 /cygdrive/c/gnuarm/bin/../lib/gcc/arm-elf/4.1.1/interwork/libgcc.a(_umodsi3.o)
                0x00003498                __umodsi3
 .text          0x00003568        0x4 /cygdrive/c/gnuarm/bin/../lib/gcc/arm-elf/4.1.1/interwork/libgcc.a(_dvmd_tls.o)
                0x00003568                __aeabi_ldiv0
                0x00003568                __div0
                0x00003568                __aeabi_idiv0
 .text          0x0000356c       0x3c /cygdrive/c/gnuarm/bin/../lib/gcc/arm-elf/4.1.1/interwork/libgcc.a(_call_via_rX.o)
                0x00003574                _call_via_r2
                0x00003584                _call_via_r6
                0x00003580                _call_via_r5
                0x00003578                _call_via_r3
                0x00003598                _call_via_fp
                0x0000358c                _call_via_r8
                0x00003588                _call_via_r7
                0x0000356c                _call_via_r0
                0x00003594                _call_via_sl
                0x000035a0                _call_via_sp
                0x00003590                _call_via_r9
                0x0000357c                _call_via_r4
                0x00003570                _call_via_r1
                0x0000359c                _call_via_ip
                0x000035a4                _call_via_lr
 .text          0x000035a8       0x30 /cygdrive/c/gnuarm/bin/../lib/gcc/arm-elf/4.1.1/../../../../arm-elf/lib/interwork/libc.a(atoi.o)
                0x000035a8                _atoi_r
                0x000035c0                atoi
 .text          0x000035d8       0x9c /cygdrive/c/gnuarm/bin/../lib/gcc/arm-elf/4.1.1/../../../../arm-elf/lib/interwork/libc.a(memcpy.o)
                0x000035d8                memcpy
 .text          0x00003674       0x90 /cygdrive/c/gnuarm/bin/../lib/gcc/arm-elf/4.1.1/../../../../arm-elf/lib/interwork/libc.a(strlen.o)
                0x00003674                strlen
 .text          0x00003704      0x1f0 /cygdrive/c/gnuarm/bin/../lib/gcc/arm-elf/4.1.1/../../../../arm-elf/lib/interwork/libc.a(strtol.o)
                0x000038c8                strtol
                0x00003704                _strtol_r
 .text          0x000038f4        0x0 /cygdrive/c/gnuarm/bin/../lib/gcc/arm-elf/4.1.1/../../../../arm-elf/lib/interwork/libc.a(ctype_.o)
 .text          0x000038f4        0x0 /cygdrive/c/gnuarm/bin/../lib/gcc/arm-elf/4.1.1/../../../../arm-elf/lib/interwork/libc.a(impure.o)
 *(.glue_7)
 .glue_7        0x000038f4        0x0 main.o
 .glue_7        0x000038f4        0x0 eepromTest.o
 .glue_7        0x000038f4        0x0 eeprom.o
 .glue_7        0x000038f4        0x0 i2c.o
 .glue_7        0x000038f4        0x0 adc.o
 .glue_7        0x000038f4        0x0 pca9532.o
 .glue_7        0x000038f4        0x0 lcd.o
 .glue_7        0x000038f4        0x0 lcd_hw.o
 .glue_7        0x000038f4        0x0 startup/libea_startup_thumb.a(consol.o)
 .glue_7        0x000038f4        0x0 startup/libea_startup_thumb.a(framework.o)
 .glue_7        0x000038f4        0x0 startup/libea_startup_thumb.a(startup.o)
 .glue_7        0x000038f4        0x0 pre_emptive_os/pre_emptive_os.a(kernel.o)
 .glue_7        0x000038f4        0x0 pre_emptive_os/pre_emptive_os.a(prioqueue.o)
 .glue_7        0x000038f4        0x0 pre_emptive_os/pre_emptive_os.a(timer.o)
 .glue_7        0x000038f4        0x0 pre_emptive_os/pre_emptive_os.a(stack_usage.o)
 .glue_7        0x000038f4        0x0 pre_emptive_os/pre_emptive_os.a(a7hal.o)
 .glue_7        0x000038f4        0x0 pre_emptive_os/pre_emptive_os.a(a7hal_a.o)
 .glue_7        0x000038f4        0x0 pre_emptive_os/pre_emptive_os.a(count_sem.o)
 .glue_7        0x000038f4        0x0 pre_emptive_os/pre_emptive_os.a(event.o)
 .glue_7        0x000038f4        0x0 /cygdrive/c/gnuarm/bin/../lib/gcc/arm-elf/4.1.1/interwork/libgcc.a(_udivsi3.o)
 .glue_7        0x000038f4        0x0 /cygdrive/c/gnuarm/bin/../lib/gcc/arm-elf/4.1.1/interwork/libgcc.a(_divsi3.o)
 .glue_7        0x000038f4        0x0 /cygdrive/c/gnuarm/bin/../lib/gcc/arm-elf/4.1.1/interwork/libgcc.a(_umodsi3.o)
 .glue_7        0x000038f4        0x0 /cygdrive/c/gnuarm/bin/../lib/gcc/arm-elf/4.1.1/interwork/libgcc.a(_dvmd_tls.o)
 .glue_7        0x000038f4        0x0 /cygdrive/c/gnuarm/bin/../lib/gcc/arm-elf/4.1.1/interwork/libgcc.a(_call_via_rX.o)
 .glue_7        0x000038f4        0x0 /cygdrive/c/gnuarm/bin/../lib/gcc/arm-elf/4.1.1/../../../../arm-elf/lib/interwork/libc.a(atoi.o)
 .glue_7        0x000038f4        0x0 /cygdrive/c/gnuarm/bin/../lib/gcc/arm-elf/4.1.1/../../../../arm-elf/lib/interwork/libc.a(memcpy.o)
 .glue_7        0x000038f4        0x0 /cygdrive/c/gnuarm/bin/../lib/gcc/arm-elf/4.1.1/../../../../arm-elf/lib/interwork/libc.a(strlen.o)
 .glue_7        0x000038f4        0x0 /cygdrive/c/gnuarm/bin/../lib/gcc/arm-elf/4.1.1/../../../../arm-elf/lib/interwork/libc.a(strtol.o)
 .glue_7        0x000038f4        0x0 /cygdrive/c/gnuarm/bin/../lib/gcc/arm-elf/4.1.1/../../../../arm-elf/lib/interwork/libc.a(ctype_.o)
 .glue_7        0x000038f4       0x18 /cygdrive/c/gnuarm/bin/../lib/gcc/arm-elf/4.1.1/../../../../arm-elf/lib/interwork/libc.a(impure.o)
                0x00003900                __osISRExit_from_arm
                0x000038f4                __osTick_from_arm
 *(.glue_7t)
 .glue_7t       0x0000390c        0x0 main.o
 .glue_7t       0x0000390c        0x0 eepromTest.o
 .glue_7t       0x0000390c        0x0 eeprom.o
 .glue_7t       0x0000390c        0x0 i2c.o
 .glue_7t       0x0000390c        0x0 adc.o
 .glue_7t       0x0000390c        0x0 pca9532.o
 .glue_7t       0x0000390c        0x0 lcd.o
 .glue_7t       0x0000390c        0x0 lcd_hw.o
 .glue_7t       0x0000390c        0x0 startup/libea_startup_thumb.a(consol.o)
 .glue_7t       0x0000390c        0x0 startup/libea_startup_thumb.a(framework.o)
 .glue_7t       0x0000390c        0x0 startup/libea_startup_thumb.a(startup.o)
 .glue_7t       0x0000390c        0x0 pre_emptive_os/pre_emptive_os.a(kernel.o)
 .glue_7t       0x0000390c        0x0 pre_emptive_os/pre_emptive_os.a(prioqueue.o)
 .glue_7t       0x0000390c        0x0 pre_emptive_os/pre_emptive_os.a(timer.o)
 .glue_7t       0x0000390c        0x0 pre_emptive_os/pre_emptive_os.a(stack_usage.o)
 .glue_7t       0x0000390c        0x0 pre_emptive_os/pre_emptive_os.a(a7hal.o)
 .glue_7t       0x0000390c        0x0 pre_emptive_os/pre_emptive_os.a(a7hal_a.o)
 .glue_7t       0x0000390c        0x0 pre_emptive_os/pre_emptive_os.a(count_sem.o)
 .glue_7t       0x0000390c        0x0 pre_emptive_os/pre_emptive_os.a(event.o)
 .glue_7t       0x0000390c        0x0 /cygdrive/c/gnuarm/bin/../lib/gcc/arm-elf/4.1.1/interwork/libgcc.a(_udivsi3.o)
 .glue_7t       0x0000390c        0x0 /cygdrive/c/gnuarm/bin/../lib/gcc/arm-elf/4.1.1/interwork/libgcc.a(_divsi3.o)
 .glue_7t       0x0000390c        0x0 /cygdrive/c/gnuarm/bin/../lib/gcc/arm-elf/4.1.1/interwork/libgcc.a(_umodsi3.o)
 .glue_7t       0x0000390c        0x0 /cygdrive/c/gnuarm/bin/../lib/gcc/arm-elf/4.1.1/interwork/libgcc.a(_dvmd_tls.o)
 .glue_7t       0x0000390c        0x0 /cygdrive/c/gnuarm/bin/../lib/gcc/arm-elf/4.1.1/interwork/libgcc.a(_call_via_rX.o)
 .glue_7t       0x0000390c        0x0 /cygdrive/c/gnuarm/bin/../lib/gcc/arm-elf/4.1.1/../../../../arm-elf/lib/interwork/libc.a(atoi.o)
 .glue_7t       0x0000390c        0x0 /cygdrive/c/gnuarm/bin/../lib/gcc/arm-elf/4.1.1/../../../../arm-elf/lib/interwork/libc.a(memcpy.o)
 .glue_7t       0x0000390c        0x0 /cygdrive/c/gnuarm/bin/../lib/gcc/arm-elf/4.1.1/../../../../arm-elf/lib/interwork/libc.a(strlen.o)
 .glue_7t       0x0000390c        0x0 /cygdrive/c/gnuarm/bin/../lib/gcc/arm-elf/4.1.1/../../../../arm-elf/lib/interwork/libc.a(strtol.o)
 .glue_7t       0x0000390c        0x0 /cygdrive/c/gnuarm/bin/../lib/gcc/arm-elf/4.1.1/../../../../arm-elf/lib/interwork/libc.a(ctype_.o)
 .glue_7t       0x0000390c       0x80 /cygdrive/c/gnuarm/bin/../lib/gcc/arm-elf/4.1.1/../../../../arm-elf/lib/interwork/libc.a(impure.o)
                0x0000391c                __halRestoreInterrupts_oshal_from_thumb
                0x00003950                __consolSendCh_change_to_arm
                0x00003960                __strlen_change_to_arm
                0x00003954                __memcpy_from_thumb
                0x0000396c                __ctxSwitch_oshal_from_thumb
                0x00003968                __stkFrameInit_oshal_change_to_arm
                0x00003980                __initTimer_oshal_change_to_arm
                0x00003984                __startHighProc_oshal_from_thumb
                0x00003938                ____umodsi3_change_to_arm
                0x00003940                ____udivsi3_change_to_arm
                0x00003988                __startHighProc_oshal_change_to_arm
                0x00003974                __ctxSwitchIsr_oshal_from_thumb
                0x0000394c                __consolSendCh_from_thumb
                0x00003920                __halRestoreInterrupts_oshal_change_to_arm
                0x00003930                __simplePrintf_change_to_arm
                0x00003934                ____umodsi3_from_thumb
                0x0000390c                ____divsi3_from_thumb
                0x00003970                __ctxSwitch_oshal_change_to_arm
                0x00003964                __stkFrameInit_oshal_from_thumb
                0x0000393c                ____udivsi3_from_thumb
                0x00003924                __eaInit_from_thumb
                0x00003944                __consolGetChar_from_thumb
                0x0000392c                __simplePrintf_from_thumb
                0x0000397c                __initTimer_oshal_from_thumb
                0x00003928                __eaInit_change_to_arm
                0x00003948                __consolGetChar_change_to_arm
                0x0000395c                __strlen_from_thumb
                0x00003978                __ctxSwitchIsr_oshal_change_to_arm
                0x00003918                __halDisableInterrupts_oshal_change_to_arm
                0x00003914                __halDisableInterrupts_oshal_from_thumb
                0x00003958                __memcpy_change_to_arm
                0x00003910                ____divsi3_change_to_arm
                0x0000398c                . = ALIGN (0x4)

.rodata         0x0000398c     0x1548
 *(.rodata)
 .rodata        0x0000398c      0x76c main.o
                0x0000398c                _ea_97x60c
                0x000040e8                ButtonsCtrl
 .rodata        0x000040f8        0xb pca9532.o
 .rodata        0x00004103      0x55c lcd.o
                0x00004103                charMap
 *fill*         0x0000465f        0x1 00
 .rodata        0x00004660       0x10 startup/libea_startup_thumb.a(consol.o)
 .rodata        0x00004670      0x101 /cygdrive/c/gnuarm/bin/../lib/gcc/arm-elf/4.1.1/../../../../arm-elf/lib/interwork/libc.a(ctype_.o)
                0x00004670                _ctype_
 *fill*         0x00004771        0x3 00
 .rodata        0x00004774        0x4 /cygdrive/c/gnuarm/bin/../lib/gcc/arm-elf/4.1.1/../../../../arm-elf/lib/interwork/libc.a(impure.o)
                0x00004774                _global_impure_ptr
 *(.rodata*)
 .rodata.str1.4
                0x00004778      0x405 main.o
                                0x40c (size before relaxing)
 *fill*         0x00004b7d        0x3 00
 .rodata.str1.4
                0x00004b80      0x25e eepromTest.o
                                0x260 (size before relaxing)
 *fill*         0x00004dde        0x2 00
 .rodata.str1.4
                0x00004de0       0x18 startup/libea_startup_thumb.a(consol.o)
 .rodata.str1.4
                0x00004df8       0xd8 startup/libea_startup_thumb.a(framework.o)
 .rodata.str1.4
                0x00004ed0        0x4 /cygdrive/c/gnuarm/bin/../lib/gcc/arm-elf/4.1.1/../../../../arm-elf/lib/interwork/libc.a(impure.o)
                0x00004ed4                . = ALIGN (0x4)
                0x00004ed4                _etext = .
                0x00004ed4                PROVIDE (etext, .)

.data           0x40000080      0x41c load address 0x00004ed4
                0x40000080                _data = .
 *(.data)
 .data          0x40000080       0x14 main.o
                0x40000080                rgbSpeed
 .data          0x40000094        0x0 eepromTest.o
 .data          0x40000094        0x0 eeprom.o
 .data          0x40000094        0x0 i2c.o
 .data          0x40000094        0x0 adc.o
 .data          0x40000094        0x0 pca9532.o
 .data          0x40000094        0x0 lcd.o
 .data          0x40000094        0x0 lcd_hw.o
 .data          0x40000094        0x0 startup/libea_startup_thumb.a(consol.o)
 .data          0x40000094        0x0 startup/libea_startup_thumb.a(framework.o)
 .data          0x40000094        0x0 startup/libea_startup_thumb.a(startup.o)
 .data          0x40000094        0x0 pre_emptive_os/pre_emptive_os.a(kernel.o)
 .data          0x40000094        0x0 pre_emptive_os/pre_emptive_os.a(prioqueue.o)
 .data          0x40000094        0x0 pre_emptive_os/pre_emptive_os.a(timer.o)
 .data          0x40000094        0x0 pre_emptive_os/pre_emptive_os.a(stack_usage.o)
 .data          0x40000094        0x0 pre_emptive_os/pre_emptive_os.a(a7hal.o)
 .data          0x40000094        0x0 pre_emptive_os/pre_emptive_os.a(a7hal_a.o)
 .data          0x40000094        0x0 pre_emptive_os/pre_emptive_os.a(count_sem.o)
 .data          0x40000094        0x0 pre_emptive_os/pre_emptive_os.a(event.o)
 .data          0x40000094        0x0 /cygdrive/c/gnuarm/bin/../lib/gcc/arm-elf/4.1.1/interwork/libgcc.a(_udivsi3.o)
 .data          0x40000094        0x0 /cygdrive/c/gnuarm/bin/../lib/gcc/arm-elf/4.1.1/interwork/libgcc.a(_divsi3.o)
 .data          0x40000094        0x0 /cygdrive/c/gnuarm/bin/../lib/gcc/arm-elf/4.1.1/interwork/libgcc.a(_umodsi3.o)
 .data          0x40000094        0x0 /cygdrive/c/gnuarm/bin/../lib/gcc/arm-elf/4.1.1/interwork/libgcc.a(_dvmd_tls.o)
 .data          0x40000094        0x0 /cygdrive/c/gnuarm/bin/../lib/gcc/arm-elf/4.1.1/interwork/libgcc.a(_call_via_rX.o)
 .data          0x40000094        0x0 /cygdrive/c/gnuarm/bin/../lib/gcc/arm-elf/4.1.1/../../../../arm-elf/lib/interwork/libc.a(atoi.o)
 .data          0x40000094        0x0 /cygdrive/c/gnuarm/bin/../lib/gcc/arm-elf/4.1.1/../../../../arm-elf/lib/interwork/libc.a(memcpy.o)
 .data          0x40000094        0x0 /cygdrive/c/gnuarm/bin/../lib/gcc/arm-elf/4.1.1/../../../../arm-elf/lib/interwork/libc.a(strlen.o)
 .data          0x40000094        0x0 /cygdrive/c/gnuarm/bin/../lib/gcc/arm-elf/4.1.1/../../../../arm-elf/lib/interwork/libc.a(strtol.o)
 .data          0x40000094        0x4 /cygdrive/c/gnuarm/bin/../lib/gcc/arm-elf/4.1.1/../../../../arm-elf/lib/interwork/libc.a(ctype_.o)
                0x40000094                __ctype_ptr
 .data          0x40000098      0x404 /cygdrive/c/gnuarm/bin/../lib/gcc/arm-elf/4.1.1/../../../../arm-elf/lib/interwork/libc.a(impure.o)
                0x40000098                _impure_ptr
                0x4000049c                . = ALIGN (0x4)
                0x4000049c                _edata = .
                0x4000049c                PROVIDE (edata, .)

.bss            0x4000049c     0x5c30
                0x4000049c                _bss = .
                0x4000049c                __bss_start = .
                0x4000049c                __bss_start__ = .
 *(.bss)
 .bss           0x4000049c     0x57b8 main.o
                0x4000049c                killProc1
 .bss           0x40005c54        0x0 eepromTest.o
 .bss           0x40005c54        0x0 eeprom.o
 .bss           0x40005c54        0x0 i2c.o
 .bss           0x40005c54        0x0 adc.o
 .bss           0x40005c54        0x0 pca9532.o
 .bss           0x40005c54        0x5 lcd.o
 .bss           0x40005c59        0x0 lcd_hw.o
 .bss           0x40005c59        0x0 startup/libea_startup_thumb.a(consol.o)
 .bss           0x40005c59        0x0 startup/libea_startup_thumb.a(framework.o)
 .bss           0x40005c59        0x0 startup/libea_startup_thumb.a(startup.o)
 *fill*         0x40005c59        0x3 00
 .bss           0x40005c5c       0x2c pre_emptive_os/pre_emptive_os.a(kernel.o)
                0x40005c5c                osLockNesting
                0x40005c60                pNxtToRun
                0x40005c64                pRunProc
                0x40005c5d                isrNesting
 .bss           0x40005c88        0x0 pre_emptive_os/pre_emptive_os.a(prioqueue.o)
 .bss           0x40005c88      0x348 pre_emptive_os/pre_emptive_os.a(timer.o)
 .bss           0x40005fd0        0x0 pre_emptive_os/pre_emptive_os.a(stack_usage.o)
 .bss           0x40005fd0        0x0 pre_emptive_os/pre_emptive_os.a(a7hal.o)
 .bss           0x40005fd0        0x0 pre_emptive_os/pre_emptive_os.a(a7hal_a.o)
 .bss           0x40005fd0        0x0 pre_emptive_os/pre_emptive_os.a(count_sem.o)
 .bss           0x40005fd0        0x0 pre_emptive_os/pre_emptive_os.a(event.o)
 .bss           0x40005fd0        0x0 /cygdrive/c/gnuarm/bin/../lib/gcc/arm-elf/4.1.1/interwork/libgcc.a(_udivsi3.o)
 .bss           0x40005fd0        0x0 /cygdrive/c/gnuarm/bin/../lib/gcc/arm-elf/4.1.1/interwork/libgcc.a(_divsi3.o)
 .bss           0x40005fd0        0x0 /cygdrive/c/gnuarm/bin/../lib/gcc/arm-elf/4.1.1/interwork/libgcc.a(_umodsi3.o)
 .bss           0x40005fd0        0x0 /cygdrive/c/gnuarm/bin/../lib/gcc/arm-elf/4.1.1/interwork/libgcc.a(_dvmd_tls.o)
 .bss           0x40005fd0        0x0 /cygdrive/c/gnuarm/bin/../lib/gcc/arm-elf/4.1.1/interwork/libgcc.a(_call_via_rX.o)
 .bss           0x40005fd0        0x0 /cygdrive/c/gnuarm/bin/../lib/gcc/arm-elf/4.1.1/../../../../arm-elf/lib/interwork/libc.a(atoi.o)
 .bss           0x40005fd0        0x0 /cygdrive/c/gnuarm/bin/../lib/gcc/arm-elf/4.1.1/../../../../arm-elf/lib/interwork/libc.a(memcpy.o)
 .bss           0x40005fd0        0x0 /cygdrive/c/gnuarm/bin/../lib/gcc/arm-elf/4.1.1/../../../../arm-elf/lib/interwork/libc.a(strlen.o)
 .bss           0x40005fd0        0x0 /cygdrive/c/gnuarm/bin/../lib/gcc/arm-elf/4.1.1/../../../../arm-elf/lib/interwork/libc.a(strtol.o)
 .bss           0x40005fd0        0x0 /cygdrive/c/gnuarm/bin/../lib/gcc/arm-elf/4.1.1/../../../../arm-elf/lib/interwork/libc.a(ctype_.o)
 .bss           0x40005fd0        0x0 /cygdrive/c/gnuarm/bin/../lib/gcc/arm-elf/4.1.1/../../../../arm-elf/lib/interwork/libc.a(impure.o)
 *(COMMON)
 COMMON         0x40005fd0        0x4 main.o
                0x40005fd0                msClock
 COMMON         0x40005fd4        0x8 startup/libea_startup_thumb.a(framework.o)
                0x40005fd4                pHeapEnd
                0x40005fd8                pHeapStart
 COMMON         0x40005fdc       0xf0 pre_emptive_os/pre_emptive_os.a(kernel.o)
                0x40005fdc                processControlBlocks
                0x400060cc                . = ALIGN (0x4)
                0x400060cc                . = ALIGN (0x4)
                0x400060cc                __bss_end = .
                0x400060cc                __bss_end__ = .
                0x400060cc                _end = .
                0x400060cc                PROVIDE (end, .)

.stab           0x00000000      0x600
 *(.stab)
 .stab          0x00000000      0x3c0 startup/libea_startup_thumb.a(startup.o)
 .stab          0x000003c0      0x240 pre_emptive_os/pre_emptive_os.a(a7hal_a.o)
                                0x24c (size before relaxing)

.stabstr        0x00000000       0x99
 *(.stabstr)
 .stabstr       0x00000000       0x99 startup/libea_startup_thumb.a(startup.o)

.stab.excl
 *(.stab.excl)

.stab.exclstr
 *(.stab.exclstr)

.stab.index
 *(.stab.index)

.stab.indexstr
 *(.stab.indexstr)

.comment        0x00000000      0x19e
 *(.comment)
 .comment       0x00000000       0x12 main.o
 .comment       0x00000012       0x12 eepromTest.o
 .comment       0x00000024       0x12 eeprom.o
 .comment       0x00000036       0x12 i2c.o
 .comment       0x00000048       0x12 adc.o
 .comment       0x0000005a       0x12 pca9532.o
 .comment       0x0000006c       0x12 lcd.o
 .comment       0x0000007e       0x12 lcd_hw.o
 .comment       0x00000090       0x12 startup/libea_startup_thumb.a(consol.o)
 .comment       0x000000a2       0x12 startup/libea_startup_thumb.a(framework.o)
 .comment       0x000000b4       0x12 pre_emptive_os/pre_emptive_os.a(kernel.o)
 .comment       0x000000c6       0x12 pre_emptive_os/pre_emptive_os.a(prioqueue.o)
 .comment       0x000000d8       0x12 pre_emptive_os/pre_emptive_os.a(timer.o)
 .comment       0x000000ea       0x12 pre_emptive_os/pre_emptive_os.a(stack_usage.o)
 .comment       0x000000fc       0x12 pre_emptive_os/pre_emptive_os.a(a7hal.o)
 .comment       0x0000010e       0x12 pre_emptive_os/pre_emptive_os.a(count_sem.o)
 .comment       0x00000120       0x12 pre_emptive_os/pre_emptive_os.a(event.o)
 .comment       0x00000132       0x12 /cygdrive/c/gnuarm/bin/../lib/gcc/arm-elf/4.1.1/../../../../arm-elf/lib/interwork/libc.a(atoi.o)
 .comment       0x00000144       0x12 /cygdrive/c/gnuarm/bin/../lib/gcc/arm-elf/4.1.1/../../../../arm-elf/lib/interwork/libc.a(memcpy.o)
 .comment       0x00000156       0x12 /cygdrive/c/gnuarm/bin/../lib/gcc/arm-elf/4.1.1/../../../../arm-elf/lib/interwork/libc.a(strlen.o)
 .comment       0x00000168       0x12 /cygdrive/c/gnuarm/bin/../lib/gcc/arm-elf/4.1.1/../../../../arm-elf/lib/interwork/libc.a(strtol.o)
 .comment       0x0000017a       0x12 /cygdrive/c/gnuarm/bin/../lib/gcc/arm-elf/4.1.1/../../../../arm-elf/lib/interwork/libc.a(ctype_.o)
 .comment       0x0000018c       0x12 /cygdrive/c/gnuarm/bin/../lib/gcc/arm-elf/4.1.1/../../../../arm-elf/lib/interwork/libc.a(impure.o)

.debug
 *(.debug)

.line
 *(.line)

.debug_srcinfo
 *(.debug_srcinfo)

.debug_sfnames
 *(.debug_sfnames)

.debug_aranges  0x00000000      0x340
 *(.debug_aranges)
 .debug_aranges
                0x00000000       0x20 main.o
 .debug_aranges
                0x00000020       0x20 eepromTest.o
 .debug_aranges
                0x00000040       0x20 eeprom.o
 .debug_aranges
                0x00000060       0x20 i2c.o
 .debug_aranges
                0x00000080       0x20 adc.o
 .debug_aranges
                0x000000a0       0x20 pca9532.o
 .debug_aranges
                0x000000c0       0x20 lcd.o
 .debug_aranges
                0x000000e0       0x20 lcd_hw.o
 .debug_aranges
                0x00000100       0x20 startup/libea_startup_thumb.a(consol.o)
 .debug_aranges
                0x00000120       0x20 startup/libea_startup_thumb.a(framework.o)
 .debug_aranges
                0x00000140       0x20 pre_emptive_os/pre_emptive_os.a(kernel.o)
 .debug_aranges
                0x00000160       0x20 pre_emptive_os/pre_emptive_os.a(prioqueue.o)
 .debug_aranges
                0x00000180       0x20 pre_emptive_os/pre_emptive_os.a(timer.o)
 .debug_aranges
                0x000001a0       0x20 pre_emptive_os/pre_emptive_os.a(stack_usage.o)
 .debug_aranges
                0x000001c0       0x20 pre_emptive_os/pre_emptive_os.a(a7hal.o)
 .debug_aranges
                0x000001e0       0x20 pre_emptive_os/pre_emptive_os.a(count_sem.o)
 .debug_aranges
                0x00000200       0x20 pre_emptive_os/pre_emptive_os.a(event.o)
 .debug_aranges
                0x00000220       0x20 /cygdrive/c/gnuarm/bin/../lib/gcc/arm-elf/4.1.1/interwork/libgcc.a(_udivsi3.o)
 .debug_aranges
                0x00000240       0x20 /cygdrive/c/gnuarm/bin/../lib/gcc/arm-elf/4.1.1/interwork/libgcc.a(_divsi3.o)
 .debug_aranges
                0x00000260       0x20 /cygdrive/c/gnuarm/bin/../lib/gcc/arm-elf/4.1.1/interwork/libgcc.a(_umodsi3.o)
 .debug_aranges
                0x00000280       0x20 /cygdrive/c/gnuarm/bin/../lib/gcc/arm-elf/4.1.1/interwork/libgcc.a(_dvmd_tls.o)
 .debug_aranges
                0x000002a0       0x20 /cygdrive/c/gnuarm/bin/../lib/gcc/arm-elf/4.1.1/interwork/libgcc.a(_call_via_rX.o)
 .debug_aranges
                0x000002c0       0x20 /cygdrive/c/gnuarm/bin/../lib/gcc/arm-elf/4.1.1/../../../../arm-elf/lib/interwork/libc.a(atoi.o)
 .debug_aranges
                0x000002e0       0x20 /cygdrive/c/gnuarm/bin/../lib/gcc/arm-elf/4.1.1/../../../../arm-elf/lib/interwork/libc.a(memcpy.o)
 .debug_aranges
                0x00000300       0x20 /cygdrive/c/gnuarm/bin/../lib/gcc/arm-elf/4.1.1/../../../../arm-elf/lib/interwork/libc.a(strlen.o)
 .debug_aranges
                0x00000320       0x20 /cygdrive/c/gnuarm/bin/../lib/gcc/arm-elf/4.1.1/../../../../arm-elf/lib/interwork/libc.a(strtol.o)

.debug_pubnames
                0x00000000      0x9ae
 *(.debug_pubnames)
 .debug_pubnames
                0x00000000       0x86 main.o
 .debug_pubnames
                0x00000086       0x21 eepromTest.o
 .debug_pubnames
                0x000000a7       0x64 eeprom.o
 .debug_pubnames
                0x0000010b       0xcc i2c.o
 .debug_pubnames
                0x000001d7       0x33 adc.o
 .debug_pubnames
                0x0000020a       0x46 pca9532.o
 .debug_pubnames
                0x00000250       0xe5 lcd.o
 .debug_pubnames
                0x00000335       0x40 lcd_hw.o
 .debug_pubnames
                0x00000375       0xda startup/libea_startup_thumb.a(consol.o)
 .debug_pubnames
                0x0000044f       0x63 startup/libea_startup_thumb.a(framework.o)
 .debug_pubnames
                0x000004b2      0x17f pre_emptive_os/pre_emptive_os.a(kernel.o)
 .debug_pubnames
                0x00000631       0x76 pre_emptive_os/pre_emptive_os.a(prioqueue.o)
 .debug_pubnames
                0x000006a7       0x55 pre_emptive_os/pre_emptive_os.a(timer.o)
 .debug_pubnames
                0x000006fc       0x4e pre_emptive_os/pre_emptive_os.a(stack_usage.o)
 .debug_pubnames
                0x0000074a       0xc1 pre_emptive_os/pre_emptive_os.a(a7hal.o)
 .debug_pubnames
                0x0000080b       0x4d pre_emptive_os/pre_emptive_os.a(count_sem.o)
 .debug_pubnames
                0x00000858       0x63 pre_emptive_os/pre_emptive_os.a(event.o)
 .debug_pubnames
                0x000008bb       0x27 /cygdrive/c/gnuarm/bin/../lib/gcc/arm-elf/4.1.1/../../../../arm-elf/lib/interwork/libc.a(atoi.o)
 .debug_pubnames
                0x000008e2       0x1d /cygdrive/c/gnuarm/bin/../lib/gcc/arm-elf/4.1.1/../../../../arm-elf/lib/interwork/libc.a(memcpy.o)
 .debug_pubnames
                0x000008ff       0x1d /cygdrive/c/gnuarm/bin/../lib/gcc/arm-elf/4.1.1/../../../../arm-elf/lib/interwork/libc.a(strlen.o)
 .debug_pubnames
                0x0000091c       0x2b /cygdrive/c/gnuarm/bin/../lib/gcc/arm-elf/4.1.1/../../../../arm-elf/lib/interwork/libc.a(strtol.o)
 .debug_pubnames
                0x00000947       0x2e /cygdrive/c/gnuarm/bin/../lib/gcc/arm-elf/4.1.1/../../../../arm-elf/lib/interwork/libc.a(ctype_.o)
 .debug_pubnames
                0x00000975       0x39 /cygdrive/c/gnuarm/bin/../lib/gcc/arm-elf/4.1.1/../../../../arm-elf/lib/interwork/libc.a(impure.o)

.debug_info     0x00000000     0x5625
 *(.debug_info .gnu.linkonce.wi.*)
 .debug_info    0x00000000      0x4c6 main.o
 .debug_info    0x000004c6      0x11e eepromTest.o
 .debug_info    0x000005e4      0x29a eeprom.o
 .debug_info    0x0000087e      0x465 i2c.o
 .debug_info    0x00000ce3       0xdd adc.o
 .debug_info    0x00000dc0      0x179 pca9532.o
 .debug_info    0x00000f39      0x596 lcd.o
 .debug_info    0x000014cf      0x105 lcd_hw.o
 .debug_info    0x000015d4      0x584 startup/libea_startup_thumb.a(consol.o)
 .debug_info    0x00001b58      0x1e5 startup/libea_startup_thumb.a(framework.o)
 .debug_info    0x00001d3d      0x5fe pre_emptive_os/pre_emptive_os.a(kernel.o)
 .debug_info    0x0000233b      0x2e8 pre_emptive_os/pre_emptive_os.a(prioqueue.o)
 .debug_info    0x00002623      0x4b8 pre_emptive_os/pre_emptive_os.a(timer.o)
 .debug_info    0x00002adb      0x2cf pre_emptive_os/pre_emptive_os.a(stack_usage.o)
 .debug_info    0x00002daa      0x189 pre_emptive_os/pre_emptive_os.a(a7hal.o)
 .debug_info    0x00002f33      0x32b pre_emptive_os/pre_emptive_os.a(count_sem.o)
 .debug_info    0x0000325e      0x2ee pre_emptive_os/pre_emptive_os.a(event.o)
 .debug_info    0x0000354c       0x68 /cygdrive/c/gnuarm/bin/../lib/gcc/arm-elf/4.1.1/interwork/libgcc.a(_udivsi3.o)
 .debug_info    0x000035b4       0x68 /cygdrive/c/gnuarm/bin/../lib/gcc/arm-elf/4.1.1/interwork/libgcc.a(_divsi3.o)
 .debug_info    0x0000361c       0x68 /cygdrive/c/gnuarm/bin/../lib/gcc/arm-elf/4.1.1/interwork/libgcc.a(_umodsi3.o)
 .debug_info    0x00003684       0x68 /cygdrive/c/gnuarm/bin/../lib/gcc/arm-elf/4.1.1/interwork/libgcc.a(_dvmd_tls.o)
 .debug_info    0x000036ec       0x68 /cygdrive/c/gnuarm/bin/../lib/gcc/arm-elf/4.1.1/interwork/libgcc.a(_call_via_rX.o)
 .debug_info    0x00003754      0x949 /cygdrive/c/gnuarm/bin/../lib/gcc/arm-elf/4.1.1/../../../../arm-elf/lib/interwork/libc.a(atoi.o)
 .debug_info    0x0000409d      0x10a /cygdrive/c/gnuarm/bin/../lib/gcc/arm-elf/4.1.1/../../../../arm-elf/lib/interwork/libc.a(memcpy.o)
 .debug_info    0x000041a7       0xd4 /cygdrive/c/gnuarm/bin/../lib/gcc/arm-elf/4.1.1/../../../../arm-elf/lib/interwork/libc.a(strlen.o)
 .debug_info    0x0000427b      0xa0f /cygdrive/c/gnuarm/bin/../lib/gcc/arm-elf/4.1.1/../../../../arm-elf/lib/interwork/libc.a(strtol.o)
 .debug_info    0x00004c8a       0x79 /cygdrive/c/gnuarm/bin/../lib/gcc/arm-elf/4.1.1/../../../../arm-elf/lib/interwork/libc.a(ctype_.o)
 .debug_info    0x00004d03      0x922 /cygdrive/c/gnuarm/bin/../lib/gcc/arm-elf/4.1.1/../../../../arm-elf/lib/interwork/libc.a(impure.o)

.debug_abbrev   0x00000000     0x1b97
 *(.debug_abbrev)
 .debug_abbrev  0x00000000      0x1e1 main.o
 .debug_abbrev  0x000001e1       0x94 eepromTest.o
 .debug_abbrev  0x00000275      0x117 eeprom.o
 .debug_abbrev  0x0000038c      0x1ac i2c.o
 .debug_abbrev  0x00000538       0xa6 adc.o
 .debug_abbrev  0x000005de       0xb8 pca9532.o
 .debug_abbrev  0x00000696      0x1bf lcd.o
 .debug_abbrev  0x00000855       0xcd lcd_hw.o
 .debug_abbrev  0x00000922      0x2a4 startup/libea_startup_thumb.a(consol.o)
 .debug_abbrev  0x00000bc6       0xd0 startup/libea_startup_thumb.a(framework.o)
 .debug_abbrev  0x00000c96      0x1b8 pre_emptive_os/pre_emptive_os.a(kernel.o)
 .debug_abbrev  0x00000e4e      0x11e pre_emptive_os/pre_emptive_os.a(prioqueue.o)
 .debug_abbrev  0x00000f6c      0x154 pre_emptive_os/pre_emptive_os.a(timer.o)
 .debug_abbrev  0x000010c0      0x170 pre_emptive_os/pre_emptive_os.a(stack_usage.o)
 .debug_abbrev  0x00001230       0xf2 pre_emptive_os/pre_emptive_os.a(a7hal.o)
 .debug_abbrev  0x00001322      0x101 pre_emptive_os/pre_emptive_os.a(count_sem.o)
 .debug_abbrev  0x00001423      0x103 pre_emptive_os/pre_emptive_os.a(event.o)
 .debug_abbrev  0x00001526       0x14 /cygdrive/c/gnuarm/bin/../lib/gcc/arm-elf/4.1.1/interwork/libgcc.a(_udivsi3.o)
 .debug_abbrev  0x0000153a       0x14 /cygdrive/c/gnuarm/bin/../lib/gcc/arm-elf/4.1.1/interwork/libgcc.a(_divsi3.o)
 .debug_abbrev  0x0000154e       0x14 /cygdrive/c/gnuarm/bin/../lib/gcc/arm-elf/4.1.1/interwork/libgcc.a(_umodsi3.o)
 .debug_abbrev  0x00001562       0x14 /cygdrive/c/gnuarm/bin/../lib/gcc/arm-elf/4.1.1/interwork/libgcc.a(_dvmd_tls.o)
 .debug_abbrev  0x00001576       0x14 /cygdrive/c/gnuarm/bin/../lib/gcc/arm-elf/4.1.1/interwork/libgcc.a(_call_via_rX.o)
 .debug_abbrev  0x0000158a      0x176 /cygdrive/c/gnuarm/bin/../lib/gcc/arm-elf/4.1.1/../../../../arm-elf/lib/interwork/libc.a(atoi.o)
 .debug_abbrev  0x00001700       0xa6 /cygdrive/c/gnuarm/bin/../lib/gcc/arm-elf/4.1.1/../../../../arm-elf/lib/interwork/libc.a(memcpy.o)
 .debug_abbrev  0x000017a6       0x8b /cygdrive/c/gnuarm/bin/../lib/gcc/arm-elf/4.1.1/../../../../arm-elf/lib/interwork/libc.a(strlen.o)
 .debug_abbrev  0x00001831      0x1bd /cygdrive/c/gnuarm/bin/../lib/gcc/arm-elf/4.1.1/../../../../arm-elf/lib/interwork/libc.a(strtol.o)
 .debug_abbrev  0x000019ee       0x52 /cygdrive/c/gnuarm/bin/../lib/gcc/arm-elf/4.1.1/../../../../arm-elf/lib/interwork/libc.a(ctype_.o)
 .debug_abbrev  0x00001a40      0x157 /cygdrive/c/gnuarm/bin/../lib/gcc/arm-elf/4.1.1/../../../../arm-elf/lib/interwork/libc.a(impure.o)

.debug_line     0x00000000     0x1727
 *(.debug_line)
 .debug_line    0x00000000      0x1d0 main.o
 .debug_line    0x000001d0       0x91 eepromTest.o
 .debug_line    0x00000261       0xf4 eeprom.o
 .debug_line    0x00000355      0x10d i2c.o
 .debug_line    0x00000462       0x7f adc.o
 .debug_line    0x000004e1       0x96 pca9532.o
 .debug_line    0x00000577      0x183 lcd.o
 .debug_line    0x000006fa       0x99 lcd_hw.o
 .debug_line    0x00000793      0x18a startup/libea_startup_thumb.a(consol.o)
 .debug_line    0x0000091d       0xba startup/libea_startup_thumb.a(framework.o)
 .debug_line    0x000009d7      0x176 pre_emptive_os/pre_emptive_os.a(kernel.o)
 .debug_line    0x00000b4d       0xbb pre_emptive_os/pre_emptive_os.a(prioqueue.o)
 .debug_line    0x00000c08      0x109 pre_emptive_os/pre_emptive_os.a(timer.o)
 .debug_line    0x00000d11       0x97 pre_emptive_os/pre_emptive_os.a(stack_usage.o)
 .debug_line    0x00000da8       0x8c pre_emptive_os/pre_emptive_os.a(a7hal.o)
 .debug_line    0x00000e34       0xd9 pre_emptive_os/pre_emptive_os.a(count_sem.o)
 .debug_line    0x00000f0d       0xaf pre_emptive_os/pre_emptive_os.a(event.o)
 .debug_line    0x00000fbc       0x84 /cygdrive/c/gnuarm/bin/../lib/gcc/arm-elf/4.1.1/interwork/libgcc.a(_udivsi3.o)
 .debug_line    0x00001040       0x90 /cygdrive/c/gnuarm/bin/../lib/gcc/arm-elf/4.1.1/interwork/libgcc.a(_divsi3.o)
 .debug_line    0x000010d0       0x6e /cygdrive/c/gnuarm/bin/../lib/gcc/arm-elf/4.1.1/interwork/libgcc.a(_umodsi3.o)
 .debug_line    0x0000113e       0x5d /cygdrive/c/gnuarm/bin/../lib/gcc/arm-elf/4.1.1/interwork/libgcc.a(_dvmd_tls.o)
 .debug_line    0x0000119b       0x6b /cygdrive/c/gnuarm/bin/../lib/gcc/arm-elf/4.1.1/interwork/libgcc.a(_call_via_rX.o)
 .debug_line    0x00001206       0xf9 /cygdrive/c/gnuarm/bin/../lib/gcc/arm-elf/4.1.1/../../../../arm-elf/lib/interwork/libc.a(atoi.o)
 .debug_line    0x000012ff       0xc8 /cygdrive/c/gnuarm/bin/../lib/gcc/arm-elf/4.1.1/../../../../arm-elf/lib/interwork/libc.a(memcpy.o)
 .debug_line    0x000013c7       0xaf /cygdrive/c/gnuarm/bin/../lib/gcc/arm-elf/4.1.1/../../../../arm-elf/lib/interwork/libc.a(strlen.o)
 .debug_line    0x00001476      0x173 /cygdrive/c/gnuarm/bin/../lib/gcc/arm-elf/4.1.1/../../../../arm-elf/lib/interwork/libc.a(strtol.o)
 .debug_line    0x000015e9       0x5b /cygdrive/c/gnuarm/bin/../lib/gcc/arm-elf/4.1.1/../../../../arm-elf/lib/interwork/libc.a(ctype_.o)
 .debug_line    0x00001644       0xe3 /cygdrive/c/gnuarm/bin/../lib/gcc/arm-elf/4.1.1/../../../../arm-elf/lib/interwork/libc.a(impure.o)

.debug_frame    0x00000000      0xe24
 *(.debug_frame)
 .debug_frame   0x00000000       0xd4 main.o
 .debug_frame   0x000000d4       0x30 eepromTest.o
 .debug_frame   0x00000104       0xa4 eeprom.o
 .debug_frame   0x000001a8      0x108 i2c.o
 .debug_frame   0x000002b0       0x40 adc.o
 .debug_frame   0x000002f0       0x68 pca9532.o
 .debug_frame   0x00000358      0x1b8 lcd.o
 .debug_frame   0x00000510       0x4c lcd_hw.o
 .debug_frame   0x0000055c      0x150 startup/libea_startup_thumb.a(consol.o)
 .debug_frame   0x000006ac       0xe0 startup/libea_startup_thumb.a(framework.o)
 .debug_frame   0x0000078c      0x1e8 pre_emptive_os/pre_emptive_os.a(kernel.o)
 .debug_frame   0x00000974       0x8c pre_emptive_os/pre_emptive_os.a(prioqueue.o)
 .debug_frame   0x00000a00       0xb8 pre_emptive_os/pre_emptive_os.a(timer.o)
 .debug_frame   0x00000ab8       0x58 pre_emptive_os/pre_emptive_os.a(stack_usage.o)
 .debug_frame   0x00000b10       0xa0 pre_emptive_os/pre_emptive_os.a(a7hal.o)
 .debug_frame   0x00000bb0       0x84 pre_emptive_os/pre_emptive_os.a(count_sem.o)
 .debug_frame   0x00000c34       0x94 pre_emptive_os/pre_emptive_os.a(event.o)
 .debug_frame   0x00000cc8       0x2c /cygdrive/c/gnuarm/bin/../lib/gcc/arm-elf/4.1.1/interwork/libgcc.a(_udivsi3.o)
 .debug_frame   0x00000cf4       0x2c /cygdrive/c/gnuarm/bin/../lib/gcc/arm-elf/4.1.1/interwork/libgcc.a(_divsi3.o)
 .debug_frame   0x00000d20       0x2c /cygdrive/c/gnuarm/bin/../lib/gcc/arm-elf/4.1.1/interwork/libgcc.a(_umodsi3.o)
 .debug_frame   0x00000d4c       0x40 /cygdrive/c/gnuarm/bin/../lib/gcc/arm-elf/4.1.1/../../../../arm-elf/lib/interwork/libc.a(atoi.o)
 .debug_frame   0x00000d8c       0x28 /cygdrive/c/gnuarm/bin/../lib/gcc/arm-elf/4.1.1/../../../../arm-elf/lib/interwork/libc.a(memcpy.o)
 .debug_frame   0x00000db4       0x20 /cygdrive/c/gnuarm/bin/../lib/gcc/arm-elf/4.1.1/../../../../arm-elf/lib/interwork/libc.a(strlen.o)
 .debug_frame   0x00000dd4       0x50 /cygdrive/c/gnuarm/bin/../lib/gcc/arm-elf/4.1.1/../../../../arm-elf/lib/interwork/libc.a(strtol.o)

.debug_str      0x00000000     0x1546
 *(.debug_str)
 .debug_str     0x00000000      0x1be main.o
                                0x20e (size before relaxing)
 .debug_str     0x000001be       0x7a eepromTest.o
                                0x108 (size before relaxing)
 .debug_str     0x00000238       0x8a eeprom.o
                                0x102 (size before relaxing)
 .debug_str     0x000002c2       0x95 i2c.o
                                0x12c (size before relaxing)
 .debug_str     0x00000357       0x42 adc.o
                                 0xcc (size before relaxing)
 .debug_str     0x00000399       0x5b pca9532.o
                                 0xec (size before relaxing)
 .debug_str     0x000003f4      0x13c lcd.o
                                0x1d1 (size before relaxing)
 .debug_str     0x00000530       0x3b lcd_hw.o
                                 0xc6 (size before relaxing)
 .debug_str     0x0000056b      0x18c startup/libea_startup_thumb.a(consol.o)
                                0x239 (size before relaxing)
 .debug_str     0x000006f7       0xdd startup/libea_startup_thumb.a(framework.o)
                                0x135 (size before relaxing)
 .debug_str     0x000007d4      0x2d8 pre_emptive_os/pre_emptive_os.a(kernel.o)
                                0x35e (size before relaxing)
 .debug_str     0x00000aac       0x7d pre_emptive_os/pre_emptive_os.a(prioqueue.o)
                                0x246 (size before relaxing)
 .debug_str     0x00000b29      0x10e pre_emptive_os/pre_emptive_os.a(timer.o)
                                0x2f7 (size before relaxing)
 .debug_str     0x00000c37       0x70 pre_emptive_os/pre_emptive_os.a(stack_usage.o)
                                0x22b (size before relaxing)
 .debug_str     0x00000ca7      0x16f pre_emptive_os/pre_emptive_os.a(a7hal.o)
                                0x1dd (size before relaxing)
 .debug_str     0x00000e16       0x51 pre_emptive_os/pre_emptive_os.a(count_sem.o)
                                0x25b (size before relaxing)
 .debug_str     0x00000e67       0x51 pre_emptive_os/pre_emptive_os.a(event.o)
                                0x265 (size before relaxing)
 .debug_str     0x00000eb8      0x409 /cygdrive/c/gnuarm/bin/../lib/gcc/arm-elf/4.1.1/../../../../arm-elf/lib/interwork/libc.a(atoi.o)
                                0x49e (size before relaxing)
 .debug_str     0x000012c1       0xaa /cygdrive/c/gnuarm/bin/../lib/gcc/arm-elf/4.1.1/../../../../arm-elf/lib/interwork/libc.a(memcpy.o)
                                 0xd6 (size before relaxing)
 .debug_str     0x0000136b       0x56 /cygdrive/c/gnuarm/bin/../lib/gcc/arm-elf/4.1.1/../../../../arm-elf/lib/interwork/libc.a(strlen.o)
                                0x11f (size before relaxing)
 .debug_str     0x000013c1       0x78 /cygdrive/c/gnuarm/bin/../lib/gcc/arm-elf/4.1.1/../../../../arm-elf/lib/interwork/libc.a(strtol.o)
                                0x4e0 (size before relaxing)
 .debug_str     0x00001439       0x7b /cygdrive/c/gnuarm/bin/../lib/gcc/arm-elf/4.1.1/../../../../arm-elf/lib/interwork/libc.a(ctype_.o)
                                 0xaa (size before relaxing)
 .debug_str     0x000014b4       0x92 /cygdrive/c/gnuarm/bin/../lib/gcc/arm-elf/4.1.1/../../../../arm-elf/lib/interwork/libc.a(impure.o)
                                0x4bc (size before relaxing)

.debug_loc      0x00000000     0x1e5f
 *(.debug_loc)
 .debug_loc     0x00000000      0x20a main.o
 .debug_loc     0x0000020a       0x4a eepromTest.o
 .debug_loc     0x00000254      0x374 eeprom.o
 .debug_loc     0x000005c8      0x406 i2c.o
 .debug_loc     0x000009ce       0x68 adc.o
 .debug_loc     0x00000a36       0xbd pca9532.o
 .debug_loc     0x00000af3      0x78e lcd.o
 .debug_loc     0x00001281       0x79 lcd_hw.o
 .debug_loc     0x000012fa      0x5ee startup/libea_startup_thumb.a(consol.o)
 .debug_loc     0x000018e8      0x1b2 startup/libea_startup_thumb.a(framework.o)
 .debug_loc     0x00001a9a       0x77 /cygdrive/c/gnuarm/bin/../lib/gcc/arm-elf/4.1.1/../../../../arm-elf/lib/interwork/libc.a(atoi.o)
 .debug_loc     0x00001b11       0xfc /cygdrive/c/gnuarm/bin/../lib/gcc/arm-elf/4.1.1/../../../../arm-elf/lib/interwork/libc.a(memcpy.o)
 .debug_loc     0x00001c0d       0x47 /cygdrive/c/gnuarm/bin/../lib/gcc/arm-elf/4.1.1/../../../../arm-elf/lib/interwork/libc.a(strlen.o)
 .debug_loc     0x00001c54      0x20b /cygdrive/c/gnuarm/bin/../lib/gcc/arm-elf/4.1.1/../../../../arm-elf/lib/interwork/libc.a(strtol.o)

.debug_macinfo
 *(.debug_macinfo)

.debug_weaknames
 *(.debug_weaknames)

.debug_funcnames
 *(.debug_funcnames)

.debug_typenames
 *(.debug_typenames)

.debug_varnames
 *(.debug_varnames)
OUTPUT(lpc2138_edu_board.elf elf32-littlearm)

Cross Reference Table

Symbol                                            File
ButtonsCtrl                                       main.o
____divsi3_change_to_arm                          /cygdrive/c/gnuarm/bin/../lib/gcc/arm-elf/4.1.1/../../../../arm-elf/lib/interwork/libc.a(impure.o)
____divsi3_from_thumb                             /cygdrive/c/gnuarm/bin/../lib/gcc/arm-elf/4.1.1/../../../../arm-elf/lib/interwork/libc.a(impure.o)
____udivsi3_change_to_arm                         /cygdrive/c/gnuarm/bin/../lib/gcc/arm-elf/4.1.1/../../../../arm-elf/lib/interwork/libc.a(impure.o)
____udivsi3_from_thumb                            /cygdrive/c/gnuarm/bin/../lib/gcc/arm-elf/4.1.1/../../../../arm-elf/lib/interwork/libc.a(impure.o)
____umodsi3_change_to_arm                         /cygdrive/c/gnuarm/bin/../lib/gcc/arm-elf/4.1.1/../../../../arm-elf/lib/interwork/libc.a(impure.o)
____umodsi3_from_thumb                            /cygdrive/c/gnuarm/bin/../lib/gcc/arm-elf/4.1.1/../../../../arm-elf/lib/interwork/libc.a(impure.o)
__aeabi_idiv                                      /cygdrive/c/gnuarm/bin/../lib/gcc/arm-elf/4.1.1/interwork/libgcc.a(_divsi3.o)
__aeabi_idiv0                                     /cygdrive/c/gnuarm/bin/../lib/gcc/arm-elf/4.1.1/interwork/libgcc.a(_dvmd_tls.o)
__aeabi_idivmod                                   /cygdrive/c/gnuarm/bin/../lib/gcc/arm-elf/4.1.1/interwork/libgcc.a(_divsi3.o)
__aeabi_ldiv0                                     /cygdrive/c/gnuarm/bin/../lib/gcc/arm-elf/4.1.1/interwork/libgcc.a(_dvmd_tls.o)
__aeabi_uidiv                                     /cygdrive/c/gnuarm/bin/../lib/gcc/arm-elf/4.1.1/interwork/libgcc.a(_udivsi3.o)
__aeabi_uidivmod                                  /cygdrive/c/gnuarm/bin/../lib/gcc/arm-elf/4.1.1/interwork/libgcc.a(_udivsi3.o)
__bss_end__                                       startup/libea_startup_thumb.a(startup.o)
__bss_start__                                     startup/libea_startup_thumb.a(startup.o)
__consolGetChar_change_to_arm                     /cygdrive/c/gnuarm/bin/../lib/gcc/arm-elf/4.1.1/../../../../arm-elf/lib/interwork/libc.a(impure.o)
__consolGetChar_from_thumb                        /cygdrive/c/gnuarm/bin/../lib/gcc/arm-elf/4.1.1/../../../../arm-elf/lib/interwork/libc.a(impure.o)
__consolSendCh_change_to_arm                      /cygdrive/c/gnuarm/bin/../lib/gcc/arm-elf/4.1.1/../../../../arm-elf/lib/interwork/libc.a(impure.o)
__consolSendCh_from_thumb                         /cygdrive/c/gnuarm/bin/../lib/gcc/arm-elf/4.1.1/../../../../arm-elf/lib/interwork/libc.a(impure.o)
__ctxSwitchIsr_oshal_change_to_arm                /cygdrive/c/gnuarm/bin/../lib/gcc/arm-elf/4.1.1/../../../../arm-elf/lib/interwork/libc.a(impure.o)
__ctxSwitchIsr_oshal_from_thumb                   /cygdrive/c/gnuarm/bin/../lib/gcc/arm-elf/4.1.1/../../../../arm-elf/lib/interwork/libc.a(impure.o)
__ctxSwitch_oshal_change_to_arm                   /cygdrive/c/gnuarm/bin/../lib/gcc/arm-elf/4.1.1/../../../../arm-elf/lib/interwork/libc.a(impure.o)
__ctxSwitch_oshal_from_thumb                      /cygdrive/c/gnuarm/bin/../lib/gcc/arm-elf/4.1.1/../../../../arm-elf/lib/interwork/libc.a(impure.o)
__ctype_ptr                                       /cygdrive/c/gnuarm/bin/../lib/gcc/arm-elf/4.1.1/../../../../arm-elf/lib/interwork/libc.a(ctype_.o)
                                                  /cygdrive/c/gnuarm/bin/../lib/gcc/arm-elf/4.1.1/../../../../arm-elf/lib/interwork/libc.a(strtol.o)
__div0                                            /cygdrive/c/gnuarm/bin/../lib/gcc/arm-elf/4.1.1/interwork/libgcc.a(_dvmd_tls.o)
                                                  /cygdrive/c/gnuarm/bin/../lib/gcc/arm-elf/4.1.1/interwork/libgcc.a(_umodsi3.o)
                                                  /cygdrive/c/gnuarm/bin/../lib/gcc/arm-elf/4.1.1/interwork/libgcc.a(_divsi3.o)
                                                  /cygdrive/c/gnuarm/bin/../lib/gcc/arm-elf/4.1.1/interwork/libgcc.a(_udivsi3.o)
__divsi3                                          /cygdrive/c/gnuarm/bin/../lib/gcc/arm-elf/4.1.1/interwork/libgcc.a(_divsi3.o)
                                                  pre_emptive_os/pre_emptive_os.a(stack_usage.o)
                                                  main.o
__eaInit_change_to_arm                            /cygdrive/c/gnuarm/bin/../lib/gcc/arm-elf/4.1.1/../../../../arm-elf/lib/interwork/libc.a(impure.o)
__eaInit_from_thumb                               /cygdrive/c/gnuarm/bin/../lib/gcc/arm-elf/4.1.1/../../../../arm-elf/lib/interwork/libc.a(impure.o)
__halDisableInterrupts_oshal_change_to_arm        /cygdrive/c/gnuarm/bin/../lib/gcc/arm-elf/4.1.1/../../../../arm-elf/lib/interwork/libc.a(impure.o)
__halDisableInterrupts_oshal_from_thumb           /cygdrive/c/gnuarm/bin/../lib/gcc/arm-elf/4.1.1/../../../../arm-elf/lib/interwork/libc.a(impure.o)
__halRestoreInterrupts_oshal_change_to_arm        /cygdrive/c/gnuarm/bin/../lib/gcc/arm-elf/4.1.1/../../../../arm-elf/lib/interwork/libc.a(impure.o)
__halRestoreInterrupts_oshal_from_thumb           /cygdrive/c/gnuarm/bin/../lib/gcc/arm-elf/4.1.1/../../../../arm-elf/lib/interwork/libc.a(impure.o)
__initTimer_oshal_change_to_arm                   /cygdrive/c/gnuarm/bin/../lib/gcc/arm-elf/4.1.1/../../../../arm-elf/lib/interwork/libc.a(impure.o)
__initTimer_oshal_from_thumb                      /cygdrive/c/gnuarm/bin/../lib/gcc/arm-elf/4.1.1/../../../../arm-elf/lib/interwork/libc.a(impure.o)
__memcpy_change_to_arm                            /cygdrive/c/gnuarm/bin/../lib/gcc/arm-elf/4.1.1/../../../../arm-elf/lib/interwork/libc.a(impure.o)
__memcpy_from_thumb                               /cygdrive/c/gnuarm/bin/../lib/gcc/arm-elf/4.1.1/../../../../arm-elf/lib/interwork/libc.a(impure.o)
__osISRExit_from_arm                              /cygdrive/c/gnuarm/bin/../lib/gcc/arm-elf/4.1.1/../../../../arm-elf/lib/interwork/libc.a(impure.o)
__osTick_from_arm                                 /cygdrive/c/gnuarm/bin/../lib/gcc/arm-elf/4.1.1/../../../../arm-elf/lib/interwork/libc.a(impure.o)
__simplePrintf_change_to_arm                      /cygdrive/c/gnuarm/bin/../lib/gcc/arm-elf/4.1.1/../../../../arm-elf/lib/interwork/libc.a(impure.o)
__simplePrintf_from_thumb                         /cygdrive/c/gnuarm/bin/../lib/gcc/arm-elf/4.1.1/../../../../arm-elf/lib/interwork/libc.a(impure.o)
__startHighProc_oshal_change_to_arm               /cygdrive/c/gnuarm/bin/../lib/gcc/arm-elf/4.1.1/../../../../arm-elf/lib/interwork/libc.a(impure.o)
__startHighProc_oshal_from_thumb                  /cygdrive/c/gnuarm/bin/../lib/gcc/arm-elf/4.1.1/../../../../arm-elf/lib/interwork/libc.a(impure.o)
__stkFrameInit_oshal_change_to_arm                /cygdrive/c/gnuarm/bin/../lib/gcc/arm-elf/4.1.1/../../../../arm-elf/lib/interwork/libc.a(impure.o)
__stkFrameInit_oshal_from_thumb                   /cygdrive/c/gnuarm/bin/../lib/gcc/arm-elf/4.1.1/../../../../arm-elf/lib/interwork/libc.a(impure.o)
__strlen_change_to_arm                            /cygdrive/c/gnuarm/bin/../lib/gcc/arm-elf/4.1.1/../../../../arm-elf/lib/interwork/libc.a(impure.o)
__strlen_from_thumb                               /cygdrive/c/gnuarm/bin/../lib/gcc/arm-elf/4.1.1/../../../../arm-elf/lib/interwork/libc.a(impure.o)
__udivsi3                                         /cygdrive/c/gnuarm/bin/../lib/gcc/arm-elf/4.1.1/interwork/libgcc.a(_udivsi3.o)
                                                  /cygdrive/c/gnuarm/bin/../lib/gcc/arm-elf/4.1.1/../../../../arm-elf/lib/interwork/libc.a(strtol.o)
                                                  pre_emptive_os/pre_emptive_os.a(stack_usage.o)
                                                  startup/libea_startup_thumb.a(consol.o)
                                                  main.o
__umodsi3                                         /cygdrive/c/gnuarm/bin/../lib/gcc/arm-elf/4.1.1/interwork/libgcc.a(_umodsi3.o)
                                                  /cygdrive/c/gnuarm/bin/../lib/gcc/arm-elf/4.1.1/../../../../arm-elf/lib/interwork/libc.a(strtol.o)
                                                  startup/libea_startup_thumb.a(consol.o)
                                                  main.o
_atoi_r                                           /cygdrive/c/gnuarm/bin/../lib/gcc/arm-elf/4.1.1/../../../../arm-elf/lib/interwork/libc.a(atoi.o)
_call_via_fp                                      /cygdrive/c/gnuarm/bin/../lib/gcc/arm-elf/4.1.1/interwork/libgcc.a(_call_via_rX.o)
_call_via_ip                                      /cygdrive/c/gnuarm/bin/../lib/gcc/arm-elf/4.1.1/interwork/libgcc.a(_call_via_rX.o)
_call_via_lr                                      /cygdrive/c/gnuarm/bin/../lib/gcc/arm-elf/4.1.1/interwork/libgcc.a(_call_via_rX.o)
_call_via_r0                                      /cygdrive/c/gnuarm/bin/../lib/gcc/arm-elf/4.1.1/interwork/libgcc.a(_call_via_rX.o)
_call_via_r1                                      /cygdrive/c/gnuarm/bin/../lib/gcc/arm-elf/4.1.1/interwork/libgcc.a(_call_via_rX.o)
_call_via_r2                                      /cygdrive/c/gnuarm/bin/../lib/gcc/arm-elf/4.1.1/interwork/libgcc.a(_call_via_rX.o)
_call_via_r3                                      /cygdrive/c/gnuarm/bin/../lib/gcc/arm-elf/4.1.1/interwork/libgcc.a(_call_via_rX.o)
_call_via_r4                                      /cygdrive/c/gnuarm/bin/../lib/gcc/arm-elf/4.1.1/interwork/libgcc.a(_call_via_rX.o)
                                                  pre_emptive_os/pre_emptive_os.a(timer.o)
_call_via_r5                                      /cygdrive/c/gnuarm/bin/../lib/gcc/arm-elf/4.1.1/interwork/libgcc.a(_call_via_rX.o)
_call_via_r6                                      /cygdrive/c/gnuarm/bin/../lib/gcc/arm-elf/4.1.1/interwork/libgcc.a(_call_via_rX.o)
_call_via_r7                                      /cygdrive/c/gnuarm/bin/../lib/gcc/arm-elf/4.1.1/interwork/libgcc.a(_call_via_rX.o)
_call_via_r8                                      /cygdrive/c/gnuarm/bin/../lib/gcc/arm-elf/4.1.1/interwork/libgcc.a(_call_via_rX.o)
_call_via_r9                                      /cygdrive/c/gnuarm/bin/../lib/gcc/arm-elf/4.1.1/interwork/libgcc.a(_call_via_rX.o)
_call_via_sl                                      /cygdrive/c/gnuarm/bin/../lib/gcc/arm-elf/4.1.1/interwork/libgcc.a(_call_via_rX.o)
_call_via_sp                                      /cygdrive/c/gnuarm/bin/../lib/gcc/arm-elf/4.1.1/interwork/libgcc.a(_call_via_rX.o)
_ctype_                                           /cygdrive/c/gnuarm/bin/../lib/gcc/arm-elf/4.1.1/../../../../arm-elf/lib/interwork/libc.a(ctype_.o)
_data                                             startup/libea_startup_thumb.a(startup.o)
_ea_97x60c                                        main.o
_edata                                            startup/libea_startup_thumb.a(startup.o)
_etext                                            startup/libea_startup_thumb.a(startup.o)
_global_impure_ptr                                /cygdrive/c/gnuarm/bin/../lib/gcc/arm-elf/4.1.1/../../../../arm-elf/lib/interwork/libc.a(impure.o)
_impure_ptr                                       /cygdrive/c/gnuarm/bin/../lib/gcc/arm-elf/4.1.1/../../../../arm-elf/lib/interwork/libc.a(impure.o)
                                                  /cygdrive/c/gnuarm/bin/../lib/gcc/arm-elf/4.1.1/../../../../arm-elf/lib/interwork/libc.a(strtol.o)
_startup                                          startup/libea_startup_thumb.a(startup.o)
_strtol_r                                         /cygdrive/c/gnuarm/bin/../lib/gcc/arm-elf/4.1.1/../../../../arm-elf/lib/interwork/libc.a(strtol.o)
                                                  /cygdrive/c/gnuarm/bin/../lib/gcc/arm-elf/4.1.1/../../../../arm-elf/lib/interwork/libc.a(atoi.o)
addToPrioQueue                                    pre_emptive_os/pre_emptive_os.a(prioqueue.o)
                                                  pre_emptive_os/pre_emptive_os.a(event.o)
                                                  pre_emptive_os/pre_emptive_os.a(kernel.o)
addToRdyList                                      pre_emptive_os/pre_emptive_os.a(kernel.o)
                                                  pre_emptive_os/pre_emptive_os.a(event.o)
addToTimeList                                     pre_emptive_os/pre_emptive_os.a(kernel.o)
                                                  pre_emptive_os/pre_emptive_os.a(event.o)
appTick                                           main.o
                                                  pre_emptive_os/pre_emptive_os.a(kernel.o)
atoi                                              /cygdrive/c/gnuarm/bin/../lib/gcc/arm-elf/4.1.1/../../../../arm-elf/lib/interwork/libc.a(atoi.o)
                                                  startup/libea_startup_thumb.a(consol.o)
charMap                                           lcd.o
checkStackLimit                                   pre_emptive_os/pre_emptive_os.a(stack_usage.o)
consolGetCh                                       startup/libea_startup_thumb.a(consol.o)
consolGetChar                                     startup/libea_startup_thumb.a(consol.o)
                                                  main.o
consolGetIntNum                                   startup/libea_startup_thumb.a(consol.o)
consolGetString                                   startup/libea_startup_thumb.a(consol.o)
consolInit                                        startup/libea_startup_thumb.a(consol.o)
                                                  startup/libea_startup_thumb.a(framework.o)
consolScanf                                       startup/libea_startup_thumb.a(consol.o)
consolSendCh                                      startup/libea_startup_thumb.a(consol.o)
                                                  main.o
consolSendChar                                    startup/libea_startup_thumb.a(consol.o)
consolSendNumber                                  startup/libea_startup_thumb.a(consol.o)
                                                  startup/libea_startup_thumb.a(framework.o)
consolSendString                                  startup/libea_startup_thumb.a(consol.o)
                                                  startup/libea_startup_thumb.a(framework.o)
createStackPattern                                pre_emptive_os/pre_emptive_os.a(stack_usage.o)
                                                  pre_emptive_os/pre_emptive_os.a(kernel.o)
ctxSwitchIsr_oshal                                pre_emptive_os/pre_emptive_os.a(a7hal_a.o)
                                                  pre_emptive_os/pre_emptive_os.a(kernel.o)
ctxSwitch_oshal                                   pre_emptive_os/pre_emptive_os.a(a7hal_a.o)
                                                  pre_emptive_os/pre_emptive_os.a(kernel.o)
eaInit                                            startup/libea_startup_thumb.a(framework.o)
                                                  main.o
eepromPageRead                                    eeprom.o
                                                  eepromTest.o
eepromPoll                                        eeprom.o
                                                  eepromTest.o
eepromStartRead                                   eeprom.o
eepromWrite                                       eeprom.o
                                                  eepromTest.o
end                                               startup/libea_startup_thumb.a(framework.o)
eventInit                                         pre_emptive_os/pre_emptive_os.a(event.o)
                                                  pre_emptive_os/pre_emptive_os.a(count_sem.o)
eventIsEmpty                                      pre_emptive_os/pre_emptive_os.a(event.o)
                                                  pre_emptive_os/pre_emptive_os.a(count_sem.o)
eventSignal                                       pre_emptive_os/pre_emptive_os.a(event.o)
                                                  pre_emptive_os/pre_emptive_os.a(count_sem.o)
eventWait                                         pre_emptive_os/pre_emptive_os.a(event.o)
                                                  pre_emptive_os/pre_emptive_os.a(count_sem.o)
eventWaitReturn                                   pre_emptive_os/pre_emptive_os.a(event.o)
                                                  pre_emptive_os/pre_emptive_os.a(count_sem.o)
exceptionHandlerInit                              startup/libea_startup_thumb.a(framework.o)
                                                  startup/libea_startup_thumb.a(startup.o)
generalIRQ_oshal                                  pre_emptive_os/pre_emptive_os.a(a7hal_a.o)
                                                  pre_emptive_os/pre_emptive_os.a(a7hal.o)
getAnalogueInput                                  adc.o
                                                  main.o
getHighPrioQueue                                  pre_emptive_os/pre_emptive_os.a(prioqueue.o)
                                                  pre_emptive_os/pre_emptive_os.a(event.o)
                                                  pre_emptive_os/pre_emptive_os.a(kernel.o)
getPca9532Pin                                     pca9532.o
halDisableInterrupts_oshal                        pre_emptive_os/pre_emptive_os.a(a7hal.o)
                                                  pre_emptive_os/pre_emptive_os.a(count_sem.o)
                                                  pre_emptive_os/pre_emptive_os.a(timer.o)
                                                  pre_emptive_os/pre_emptive_os.a(kernel.o)
                                                  main.o
halEnableInterrupts_oshal                         pre_emptive_os/pre_emptive_os.a(a7hal.o)
halRestoreInterrupts_oshal                        pre_emptive_os/pre_emptive_os.a(a7hal.o)
                                                  pre_emptive_os/pre_emptive_os.a(count_sem.o)
                                                  pre_emptive_os/pre_emptive_os.a(timer.o)
                                                  pre_emptive_os/pre_emptive_os.a(kernel.o)
                                                  main.o
handleIRQs_oshal                                  pre_emptive_os/pre_emptive_os.a(a7hal.o)
                                                  pre_emptive_os/pre_emptive_os.a(a7hal_a.o)
i2cCheckStatus                                    i2c.o
                                                  eeprom.o
i2cGetChar                                        i2c.o
                                                  eeprom.o
i2cInit                                           i2c.o
                                                  main.o
i2cMyWrite                                        i2c.o
i2cPutChar                                        i2c.o
                                                  eeprom.o
i2cRead                                           i2c.o
i2cRepeatStart                                    i2c.o
                                                  eeprom.o
i2cStart                                          i2c.o
                                                  eeprom.o
i2cStop                                           i2c.o
                                                  eeprom.o
i2cWaitTransmit                                   i2c.o
i2cWrite                                          i2c.o
i2cWriteWithWait                                  i2c.o
                                                  eeprom.o
initAdc                                           adc.o
                                                  main.o
initPrioQueue                                     pre_emptive_os/pre_emptive_os.a(prioqueue.o)
                                                  pre_emptive_os/pre_emptive_os.a(event.o)
                                                  pre_emptive_os/pre_emptive_os.a(kernel.o)
initSpiForLcd                                     lcd_hw.o
                                                  lcd.o
initTimer_oshal                                   pre_emptive_os/pre_emptive_os.a(a7hal.o)
                                                  pre_emptive_os/pre_emptive_os.a(kernel.o)
isEmptyPrioQueue                                  pre_emptive_os/pre_emptive_os.a(prioqueue.o)
                                                  pre_emptive_os/pre_emptive_os.a(event.o)
isrNesting                                        pre_emptive_os/pre_emptive_os.a(kernel.o)
                                                  pre_emptive_os/pre_emptive_os.a(event.o)
                                                  pre_emptive_os/pre_emptive_os.a(count_sem.o)
                                                  pre_emptive_os/pre_emptive_os.a(a7hal_a.o)
killProc1                                         main.o
lcdClrscr                                         lcd.o
                                                  main.o
lcdColor                                          lcd.o
                                                  main.o
lcdContrast                                       lcd.o
lcdData                                           lcd.o
lcdGotoxy                                         lcd.o
                                                  main.o
lcdIcon                                           lcd.o
                                                  main.o
lcdInit                                           lcd.o
                                                  main.o
lcdOff                                            lcd.o
lcdPutchar                                        lcd.o
lcdPuts                                           lcd.o
                                                  main.o
lcdRect                                           lcd.o
lcdRectBrd                                        lcd.o
lcdWindow                                         lcd.o
lcdWrcmd                                          lcd.o
lcdWrdata                                         lcd.o
lowLevelInit                                      startup/libea_startup_thumb.a(framework.o)
                                                  startup/libea_startup_thumb.a(startup.o)
main                                              main.o
                                                  startup/libea_startup_thumb.a(startup.o)
memcpy                                            /cygdrive/c/gnuarm/bin/../lib/gcc/arm-elf/4.1.1/../../../../arm-elf/lib/interwork/libc.a(memcpy.o)
                                                  startup/libea_startup_thumb.a(consol.o)
                                                  pca9532.o
                                                  eepromTest.o
msClock                                           main.o
osCreateProcess                                   pre_emptive_os/pre_emptive_os.a(kernel.o)
                                                  pre_emptive_os/pre_emptive_os.a(timer.o)
                                                  main.o
osCreateTimer                                     pre_emptive_os/pre_emptive_os.a(timer.o)
osDeleteProcess                                   pre_emptive_os/pre_emptive_os.a(kernel.o)
                                                  main.o
osDeleteTimer                                     pre_emptive_os/pre_emptive_os.a(timer.o)
osGetHighPrioProc                                 pre_emptive_os/pre_emptive_os.a(kernel.o)
osISREnter                                        pre_emptive_os/pre_emptive_os.a(kernel.o)
osISRExit                                         pre_emptive_os/pre_emptive_os.a(kernel.o)
                                                  pre_emptive_os/pre_emptive_os.a(a7hal_a.o)
osInit                                            pre_emptive_os/pre_emptive_os.a(kernel.o)
                                                  main.o
osInitTimers                                      pre_emptive_os/pre_emptive_os.a(timer.o)
osLockNesting                                     pre_emptive_os/pre_emptive_os.a(kernel.o)
osPid                                             pre_emptive_os/pre_emptive_os.a(kernel.o)
osResume                                          pre_emptive_os/pre_emptive_os.a(kernel.o)
osSemGive                                         pre_emptive_os/pre_emptive_os.a(count_sem.o)
                                                  pre_emptive_os/pre_emptive_os.a(timer.o)
osSemInit                                         pre_emptive_os/pre_emptive_os.a(count_sem.o)
                                                  pre_emptive_os/pre_emptive_os.a(timer.o)
osSemTake                                         pre_emptive_os/pre_emptive_os.a(count_sem.o)
                                                  pre_emptive_os/pre_emptive_os.a(timer.o)
osSemTryTake                                      pre_emptive_os/pre_emptive_os.a(count_sem.o)
osSleep                                           pre_emptive_os/pre_emptive_os.a(kernel.o)
                                                  lcd.o
                                                  adc.o
                                                  main.o
osStackUsage                                      pre_emptive_os/pre_emptive_os.a(stack_usage.o)
osStart                                           pre_emptive_os/pre_emptive_os.a(kernel.o)
                                                  main.o
osStartProcess                                    pre_emptive_os/pre_emptive_os.a(kernel.o)
                                                  pre_emptive_os/pre_emptive_os.a(timer.o)
                                                  main.o
osSuspend                                         pre_emptive_os/pre_emptive_os.a(kernel.o)
osTick                                            pre_emptive_os/pre_emptive_os.a(kernel.o)
                                                  pre_emptive_os/pre_emptive_os.a(a7hal.o)
pHeapEnd                                          startup/libea_startup_thumb.a(framework.o)
pHeapStart                                        startup/libea_startup_thumb.a(framework.o)
pNxtToRun                                         pre_emptive_os/pre_emptive_os.a(kernel.o)
                                                  pre_emptive_os/pre_emptive_os.a(a7hal_a.o)
pRunProc                                          pre_emptive_os/pre_emptive_os.a(kernel.o)
                                                  pre_emptive_os/pre_emptive_os.a(event.o)
                                                  pre_emptive_os/pre_emptive_os.a(a7hal_a.o)
pca9532                                           eeprom.o
                                                  pca9532.o
pca9532Init                                       pca9532.o
                                                  main.o
processControlBlocks                              pre_emptive_os/pre_emptive_os.a(event.o)
                                                  pre_emptive_os/pre_emptive_os.a(stack_usage.o)
                                                  pre_emptive_os/pre_emptive_os.a(kernel.o)
readTouch                                         main.o
rgbSpeed                                          main.o
rmvFromPrioQueue                                  pre_emptive_os/pre_emptive_os.a(prioqueue.o)
                                                  pre_emptive_os/pre_emptive_os.a(event.o)
                                                  pre_emptive_os/pre_emptive_os.a(kernel.o)
rmvFromRdyList                                    pre_emptive_os/pre_emptive_os.a(kernel.o)
                                                  pre_emptive_os/pre_emptive_os.a(event.o)
rmvFromTimeList                                   pre_emptive_os/pre_emptive_os.a(kernel.o)
                                                  pre_emptive_os/pre_emptive_os.a(event.o)
schedule                                          pre_emptive_os/pre_emptive_os.a(kernel.o)
                                                  pre_emptive_os/pre_emptive_os.a(event.o)
                                                  pre_emptive_os/pre_emptive_os.a(count_sem.o)
selectLCD                                         lcd_hw.o
                                                  lcd.o
sendToLCD                                         lcd_hw.o
                                                  lcd.o
setPca9532Pin                                     pca9532.o
simplePrintf                                      startup/libea_startup_thumb.a(consol.o)
                                                  eepromTest.o
                                                  main.o
startHighProc_oshal                               pre_emptive_os/pre_emptive_os.a(a7hal_a.o)
                                                  pre_emptive_os/pre_emptive_os.a(kernel.o)
stkFrameInit_oshal                                pre_emptive_os/pre_emptive_os.a(a7hal.o)
                                                  pre_emptive_os/pre_emptive_os.a(kernel.o)
strlen                                            /cygdrive/c/gnuarm/bin/../lib/gcc/arm-elf/4.1.1/../../../../arm-elf/lib/interwork/libc.a(strlen.o)
                                                  startup/libea_startup_thumb.a(consol.o)
                                                  eepromTest.o
strtol                                            /cygdrive/c/gnuarm/bin/../lib/gcc/arm-elf/4.1.1/../../../../arm-elf/lib/interwork/libc.a(strtol.o)
                                                  /cygdrive/c/gnuarm/bin/../lib/gcc/arm-elf/4.1.1/../../../../arm-elf/lib/interwork/libc.a(atoi.o)
testEEPROM                                        eepromTest.o
                                                  main.o
timerIsr_oshal                                    pre_emptive_os/pre_emptive_os.a(a7hal.o)
timerTick                                         pre_emptive_os/pre_emptive_os.a(timer.o)
                                                  pre_emptive_os/pre_emptive_os.a(kernel.o)
udelay                                            main.o
