Archive member included because of file (symbol)

irq/irq_code.a(irq_timer1.o)  testLedMatrix.o (ledMatrix)
startup/libea_startup_thumb.a(consol.o)
                              testAdc.o (consolSendNumber)
startup/libea_startup_thumb.a(framework.o)
                              main.o (eaInit)
startup/libea_startup_thumb.a(startup.o)
                              (_startup)
pre_emptive_os/pre_emptive_os.a(kernel.o)
                              main.o (osInit)
pre_emptive_os/pre_emptive_os.a(prioqueue.o)
                              pre_emptive_os/pre_emptive_os.a(kernel.o) (initPrioQueue)
pre_emptive_os/pre_emptive_os.a(timer.o)
                              pre_emptive_os/pre_emptive_os.a(kernel.o) (timerTick)
pre_emptive_os/pre_emptive_os.a(stack_usage.o)
                              pre_emptive_os/pre_emptive_os.a(kernel.o) (createStackPattern)
pre_emptive_os/pre_emptive_os.a(a7hal.o)
                              pre_emptive_os/pre_emptive_os.a(kernel.o) (stkFrameInit_oshal)
pre_emptive_os/pre_emptive_os.a(a7hal_a.o)
                              pre_emptive_os/pre_emptive_os.a(kernel.o) (startHighProc_oshal)
pre_emptive_os/pre_emptive_os.a(count_sem.o)
                              pre_emptive_os/pre_emptive_os.a(timer.o) (osSemInit)
pre_emptive_os/pre_emptive_os.a(event.o)
                              pre_emptive_os/pre_emptive_os.a(count_sem.o) (eventInit)
/cygdrive/c/Embedded/GNUARM/bin/../lib/gcc/arm-elf/4.1.1/interwork/libgcc.a(_udivsi3.o)
                              startup/libea_startup_thumb.a(consol.o) (__udivsi3)
/cygdrive/c/Embedded/GNUARM/bin/../lib/gcc/arm-elf/4.1.1/interwork/libgcc.a(_divsi3.o)
                              main.o (__divsi3)
/cygdrive/c/Embedded/GNUARM/bin/../lib/gcc/arm-elf/4.1.1/interwork/libgcc.a(_umodsi3.o)
                              startup/libea_startup_thumb.a(consol.o) (__umodsi3)
/cygdrive/c/Embedded/GNUARM/bin/../lib/gcc/arm-elf/4.1.1/interwork/libgcc.a(_modsi3.o)
                              main.o (__modsi3)
/cygdrive/c/Embedded/GNUARM/bin/../lib/gcc/arm-elf/4.1.1/interwork/libgcc.a(_dvmd_tls.o)
                              /cygdrive/c/Embedded/GNUARM/bin/../lib/gcc/arm-elf/4.1.1/interwork/libgcc.a(_udivsi3.o) (__div0)
/cygdrive/c/Embedded/GNUARM/bin/../lib/gcc/arm-elf/4.1.1/interwork/libgcc.a(_call_via_rX.o)
                              pre_emptive_os/pre_emptive_os.a(timer.o) (_call_via_r4)
/cygdrive/c/Embedded/GNUARM/bin/../lib/gcc/arm-elf/4.1.1/../../../../arm-elf/lib/interwork/libc.a(atoi.o)
                              startup/libea_startup_thumb.a(consol.o) (atoi)
/cygdrive/c/Embedded/GNUARM/bin/../lib/gcc/arm-elf/4.1.1/../../../../arm-elf/lib/interwork/libc.a(memcpy.o)
                              main.o (memcpy)
/cygdrive/c/Embedded/GNUARM/bin/../lib/gcc/arm-elf/4.1.1/../../../../arm-elf/lib/interwork/libc.a(strlen.o)
                              testI2C.o (strlen)
/cygdrive/c/Embedded/GNUARM/bin/../lib/gcc/arm-elf/4.1.1/../../../../arm-elf/lib/interwork/libc.a(strtol.o)
                              /cygdrive/c/Embedded/GNUARM/bin/../lib/gcc/arm-elf/4.1.1/../../../../arm-elf/lib/interwork/libc.a(atoi.o) (_strtol_r)
/cygdrive/c/Embedded/GNUARM/bin/../lib/gcc/arm-elf/4.1.1/../../../../arm-elf/lib/interwork/libc.a(ctype_.o)
                              /cygdrive/c/Embedded/GNUARM/bin/../lib/gcc/arm-elf/4.1.1/../../../../arm-elf/lib/interwork/libc.a(strtol.o) (__ctype_ptr)
/cygdrive/c/Embedded/GNUARM/bin/../lib/gcc/arm-elf/4.1.1/../../../../arm-elf/lib/interwork/libc.a(impure.o)
                              /cygdrive/c/Embedded/GNUARM/bin/../lib/gcc/arm-elf/4.1.1/../../../../arm-elf/lib/interwork/libc.a(strtol.o) (_impure_ptr)

Allocating common symbols
Common symbol       size              file

pHeapEnd            0x4               startup/libea_startup_thumb.a(framework.o)
pHeapStart          0x4               startup/libea_startup_thumb.a(framework.o)
processControlBlocks
                    0xf0              pre_emptive_os/pre_emptive_os.a(kernel.o)

Discarded input sections

 .stabstr       0x00000000        0x0 startup/libea_startup_thumb.a(startup.o)
 .stabstr       0x00000000        0x0 pre_emptive_os/pre_emptive_os.a(a7hal_a.o)

Memory Configuration

Name             Origin             Length             Attributes
FLASH            0x00000000         0x00080000         xr
RAM              0x40000000         0x00008000         rw
*default*        0x00000000         0xffffffff

Linker script and memory map

LOAD main.o
LOAD eeprom.o
LOAD i2c.o
LOAD testLedMatrix.o
LOAD testLcd.o
LOAD testMotor.o
LOAD testRGB.o
LOAD testI2C.o
LOAD testAdc.o
LOAD irq/irq_code.a
LOAD startup/libea_startup_thumb.a
LOAD pre_emptive_os/pre_emptive_os.a
START GROUP
LOAD /cygdrive/c/Embedded/GNUARM/bin/../lib/gcc/arm-elf/4.1.1/interwork/libgcc.a
LOAD /cygdrive/c/Embedded/GNUARM/bin/../lib/gcc/arm-elf/4.1.1/../../../../arm-elf/lib/interwork/libc.a
END GROUP

.text           0x00000000     0x3888
 *startup.o(.text)
 .text          0x00000000      0x1d8 startup/libea_startup_thumb.a(startup.o)
                0x00000000                _startup
 *(.text)
 .text          0x000001d8      0x850 main.o
                0x00000220                pause
                0x00000240                appTick
                0x0000026c                main
                0x00000244                writeInfo
                0x000001d8                insertdNumber
 .text          0x00000a28      0x1c8 eeprom.o
                0x00000a28                eepromWrite
                0x00000a94                eepromPoll
                0x00000b78                eepromPageRead
                0x00000ae0                eepromStartRead
 .text          0x00000bf0      0x39c i2c.o
                0x00000c08                i2cInit
                0x00000e4c                i2cRead
                0x00000d78                i2cWriteWithWait
                0x00000c54                i2cStart
                0x00000ca0                i2cStop
                0x00000bf0                i2cCheckStatus
                0x00000cf4                i2cGetChar
                0x00000e00                i2cRepeatStart
                0x00000eec                i2cWrite
                0x00000d4c                i2cWaitTransmit
                0x00000da8                i2cMyWrite
                0x00000cc8                i2cPutChar
 .text          0x00000f8c      0x11c testLedMatrix.o
                0x0000101c                testArrow
                0x00000f8c                testLedMatrix
 .text          0x000010a8      0x1c8 testLcd.o
                0x00001168                newLineLCD
                0x0000117c                writeStr
                0x00001158                clearLCD
                0x000011c0                testLcd
 .text          0x00001270       0xdc testMotor.o
                0x00001270                testMotor
 .text          0x0000134c       0x8c testRGB.o
                0x0000134c                testRGB
 .text          0x000013d8      0x25c testI2C.o
                0x000013d8                testEEPROM
                0x000014e8                testI2C
 .text          0x00001634      0x210 testAdc.o
                0x0000166c                testAdc
 .text          0x00001844      0x138 irq/irq_code.a(irq_timer1.o)
                0x00001844                send_SPI
                0x000018d8                ledMatrix
 .text          0x0000197c      0x67c startup/libea_startup_thumb.a(consol.o)
                0x00001e34                consolGetIntNum
                0x00001a70                consolSendCh
                0x00001c3c                consolGetString
                0x00001ae0                consolSendNumber
                0x00001bf8                consolGetCh
                0x00001a50                consolSendChar
                0x00001cb4                simplePrintf
                0x00001ab4                consolSendString
                0x00001f14                consolScanf
                0x00001c18                consolGetChar
                0x00001a00                consolInit
 .text          0x00001ff8      0x2c0 startup/libea_startup_thumb.a(framework.o)
                0x00002124                eaInit
                0x00002070                lowLevelInit
                0x00001ff8                exceptionHandlerInit
 .text          0x000022b8      0x4f8 pre_emptive_os/pre_emptive_os.a(kernel.o)
                0x00002634                osTick
                0x000026f8                rmvFromRdyList
                0x00002454                osGetHighPrioProc
                0x00002714                osSuspend
                0x00002368                osInit
                0x00002748                osDeleteProcess
                0x00002394                osISREnter
                0x00002470                schedule
                0x000023b8                osCreateProcess
                0x000025b4                addToRdyList
                0x00002304                addToTimeList
                0x000025c8                osResume
                0x000022b8                osPid
                0x00002778                osSleep
                0x000024dc                osISRExit
                0x00002544                osStart
                0x00002570                rmvFromTimeList
                0x00002690                osStartProcess
 .text          0x000027b0      0x124 pre_emptive_os/pre_emptive_os.a(prioqueue.o)
                0x000027b0                initPrioQueue
                0x00002818                rmvFromPrioQueue
                0x000027d0                addToPrioQueue
                0x000028b4                isEmptyPrioQueue
                0x0000287c                getHighPrioQueue
 .text          0x000028d4      0x218 pre_emptive_os/pre_emptive_os.a(timer.o)
                0x000028d4                timerTick
                0x00002a48                osInitTimers
                0x000029e4                osDeleteTimer
                0x000029b8                osCreateTimer
 .text          0x00002aec       0xa4 pre_emptive_os/pre_emptive_os.a(stack_usage.o)
                0x00002aec                osStackUsage
                0x00002b30                createStackPattern
                0x00002b50                checkStackLimit
 .text          0x00002b90      0x1ec pre_emptive_os/pre_emptive_os.a(a7hal.o)
                0x00002bc8                stkFrameInit_oshal
                0x00002b90                timerIsr_oshal
                0x00002ca8                halRestoreInterrupts_oshal
                0x00002cb0                initTimer_oshal
                0x00002c98                halEnableInterrupts_oshal
                0x00002d48                handleIRQs_oshal
                0x00002c78                halDisableInterrupts_oshal
 .text          0x00002d7c       0xc4 pre_emptive_os/pre_emptive_os.a(a7hal_a.o)
                0x00002d88                startHighProc_oshal
                0x00002db0                ctxSwitchIsr_oshal
                0x00002d90                ctxSwitch_oshal
                0x00002dd0                generalIRQ_oshal
 .text          0x00002e40      0x144 pre_emptive_os/pre_emptive_os.a(count_sem.o)
                0x00002ee0                osSemGive
                0x00002f44                osSemTryTake
                0x00002e40                osSemInit
                0x00002e54                osSemTake
 .text          0x00002f84       0xd8 pre_emptive_os/pre_emptive_os.a(event.o)
                0x00002f94                eventWait
                0x00002f84                eventInit
                0x00002ffc                eventIsEmpty
                0x00002fcc                eventWaitReturn
                0x0000300c                eventSignal
 .text          0x0000305c      0x114 /cygdrive/c/Embedded/GNUARM/bin/../lib/gcc/arm-elf/4.1.1/interwork/libgcc.a(_udivsi3.o)
                0x0000305c                __udivsi3
                0x0000305c                __aeabi_uidiv
                0x00003158                __aeabi_uidivmod
 .text          0x00003170      0x144 /cygdrive/c/Embedded/GNUARM/bin/../lib/gcc/arm-elf/4.1.1/interwork/libgcc.a(_divsi3.o)
                0x00003170                __aeabi_idiv
                0x00003170                __divsi3
                0x0000329c                __aeabi_idivmod
 .text          0x000032b4       0xd0 /cygdrive/c/Embedded/GNUARM/bin/../lib/gcc/arm-elf/4.1.1/interwork/libgcc.a(_umodsi3.o)
                0x000032b4                __umodsi3
 .text          0x00003384       0xe8 /cygdrive/c/Embedded/GNUARM/bin/../lib/gcc/arm-elf/4.1.1/interwork/libgcc.a(_modsi3.o)
                0x00003384                __modsi3
 .text          0x0000346c        0x4 /cygdrive/c/Embedded/GNUARM/bin/../lib/gcc/arm-elf/4.1.1/interwork/libgcc.a(_dvmd_tls.o)
                0x0000346c                __aeabi_ldiv0
                0x0000346c                __div0
                0x0000346c                __aeabi_idiv0
 .text          0x00003470       0x3c /cygdrive/c/Embedded/GNUARM/bin/../lib/gcc/arm-elf/4.1.1/interwork/libgcc.a(_call_via_rX.o)
                0x00003478                _call_via_r2
                0x00003488                _call_via_r6
                0x00003484                _call_via_r5
                0x0000347c                _call_via_r3
                0x0000349c                _call_via_fp
                0x00003490                _call_via_r8
                0x0000348c                _call_via_r7
                0x00003470                _call_via_r0
                0x00003498                _call_via_sl
                0x000034a4                _call_via_sp
                0x00003494                _call_via_r9
                0x00003480                _call_via_r4
                0x00003474                _call_via_r1
                0x000034a0                _call_via_ip
                0x000034a8                _call_via_lr
 .text          0x000034ac       0x30 /cygdrive/c/Embedded/GNUARM/bin/../lib/gcc/arm-elf/4.1.1/../../../../arm-elf/lib/interwork/libc.a(atoi.o)
                0x000034ac                _atoi_r
                0x000034c4                atoi
 .text          0x000034dc       0x9c /cygdrive/c/Embedded/GNUARM/bin/../lib/gcc/arm-elf/4.1.1/../../../../arm-elf/lib/interwork/libc.a(memcpy.o)
                0x000034dc                memcpy
 .text          0x00003578       0x90 /cygdrive/c/Embedded/GNUARM/bin/../lib/gcc/arm-elf/4.1.1/../../../../arm-elf/lib/interwork/libc.a(strlen.o)
                0x00003578                strlen
 .text          0x00003608      0x1f0 /cygdrive/c/Embedded/GNUARM/bin/../lib/gcc/arm-elf/4.1.1/../../../../arm-elf/lib/interwork/libc.a(strtol.o)
                0x000037cc                strtol
                0x00003608                _strtol_r
 .text          0x000037f8        0x0 /cygdrive/c/Embedded/GNUARM/bin/../lib/gcc/arm-elf/4.1.1/../../../../arm-elf/lib/interwork/libc.a(ctype_.o)
 .text          0x000037f8        0x0 /cygdrive/c/Embedded/GNUARM/bin/../lib/gcc/arm-elf/4.1.1/../../../../arm-elf/lib/interwork/libc.a(impure.o)
 *(.glue_7)
 .glue_7        0x000037f8        0x0 main.o
 .glue_7        0x000037f8        0x0 eeprom.o
 .glue_7        0x000037f8        0x0 i2c.o
 .glue_7        0x000037f8        0x0 testLedMatrix.o
 .glue_7        0x000037f8        0x0 testLcd.o
 .glue_7        0x000037f8        0x0 testMotor.o
 .glue_7        0x000037f8        0x0 testRGB.o
 .glue_7        0x000037f8        0x0 testI2C.o
 .glue_7        0x000037f8        0x0 testAdc.o
 .glue_7        0x000037f8        0x0 irq/irq_code.a(irq_timer1.o)
 .glue_7        0x000037f8        0x0 startup/libea_startup_thumb.a(consol.o)
 .glue_7        0x000037f8        0x0 startup/libea_startup_thumb.a(framework.o)
 .glue_7        0x000037f8        0x0 startup/libea_startup_thumb.a(startup.o)
 .glue_7        0x000037f8        0x0 pre_emptive_os/pre_emptive_os.a(kernel.o)
 .glue_7        0x000037f8        0x0 pre_emptive_os/pre_emptive_os.a(prioqueue.o)
 .glue_7        0x000037f8        0x0 pre_emptive_os/pre_emptive_os.a(timer.o)
 .glue_7        0x000037f8        0x0 pre_emptive_os/pre_emptive_os.a(stack_usage.o)
 .glue_7        0x000037f8        0x0 pre_emptive_os/pre_emptive_os.a(a7hal.o)
 .glue_7        0x000037f8        0x0 pre_emptive_os/pre_emptive_os.a(a7hal_a.o)
 .glue_7        0x000037f8        0x0 pre_emptive_os/pre_emptive_os.a(count_sem.o)
 .glue_7        0x000037f8        0x0 pre_emptive_os/pre_emptive_os.a(event.o)
 .glue_7        0x000037f8        0x0 /cygdrive/c/Embedded/GNUARM/bin/../lib/gcc/arm-elf/4.1.1/interwork/libgcc.a(_udivsi3.o)
 .glue_7        0x000037f8        0x0 /cygdrive/c/Embedded/GNUARM/bin/../lib/gcc/arm-elf/4.1.1/interwork/libgcc.a(_divsi3.o)
 .glue_7        0x000037f8        0x0 /cygdrive/c/Embedded/GNUARM/bin/../lib/gcc/arm-elf/4.1.1/interwork/libgcc.a(_umodsi3.o)
 .glue_7        0x000037f8        0x0 /cygdrive/c/Embedded/GNUARM/bin/../lib/gcc/arm-elf/4.1.1/interwork/libgcc.a(_modsi3.o)
 .glue_7        0x000037f8        0x0 /cygdrive/c/Embedded/GNUARM/bin/../lib/gcc/arm-elf/4.1.1/interwork/libgcc.a(_dvmd_tls.o)
 .glue_7        0x000037f8        0x0 /cygdrive/c/Embedded/GNUARM/bin/../lib/gcc/arm-elf/4.1.1/interwork/libgcc.a(_call_via_rX.o)
 .glue_7        0x000037f8        0x0 /cygdrive/c/Embedded/GNUARM/bin/../lib/gcc/arm-elf/4.1.1/../../../../arm-elf/lib/interwork/libc.a(atoi.o)
 .glue_7        0x000037f8        0x0 /cygdrive/c/Embedded/GNUARM/bin/../lib/gcc/arm-elf/4.1.1/../../../../arm-elf/lib/interwork/libc.a(memcpy.o)
 .glue_7        0x000037f8        0x0 /cygdrive/c/Embedded/GNUARM/bin/../lib/gcc/arm-elf/4.1.1/../../../../arm-elf/lib/interwork/libc.a(strlen.o)
 .glue_7        0x000037f8        0x0 /cygdrive/c/Embedded/GNUARM/bin/../lib/gcc/arm-elf/4.1.1/../../../../arm-elf/lib/interwork/libc.a(strtol.o)
 .glue_7        0x000037f8        0x0 /cygdrive/c/Embedded/GNUARM/bin/../lib/gcc/arm-elf/4.1.1/../../../../arm-elf/lib/interwork/libc.a(ctype_.o)
 .glue_7        0x000037f8       0x18 /cygdrive/c/Embedded/GNUARM/bin/../lib/gcc/arm-elf/4.1.1/../../../../arm-elf/lib/interwork/libc.a(impure.o)
                0x00003804                __osISRExit_from_arm
                0x000037f8                __osTick_from_arm
 *(.glue_7t)
 .glue_7t       0x00003810        0x0 main.o
 .glue_7t       0x00003810        0x0 eeprom.o
 .glue_7t       0x00003810        0x0 i2c.o
 .glue_7t       0x00003810        0x0 testLedMatrix.o
 .glue_7t       0x00003810        0x0 testLcd.o
 .glue_7t       0x00003810        0x0 testMotor.o
 .glue_7t       0x00003810        0x0 testRGB.o
 .glue_7t       0x00003810        0x0 testI2C.o
 .glue_7t       0x00003810        0x0 testAdc.o
 .glue_7t       0x00003810        0x0 irq/irq_code.a(irq_timer1.o)
 .glue_7t       0x00003810        0x0 startup/libea_startup_thumb.a(consol.o)
 .glue_7t       0x00003810        0x0 startup/libea_startup_thumb.a(framework.o)
 .glue_7t       0x00003810        0x0 startup/libea_startup_thumb.a(startup.o)
 .glue_7t       0x00003810        0x0 pre_emptive_os/pre_emptive_os.a(kernel.o)
 .glue_7t       0x00003810        0x0 pre_emptive_os/pre_emptive_os.a(prioqueue.o)
 .glue_7t       0x00003810        0x0 pre_emptive_os/pre_emptive_os.a(timer.o)
 .glue_7t       0x00003810        0x0 pre_emptive_os/pre_emptive_os.a(stack_usage.o)
 .glue_7t       0x00003810        0x0 pre_emptive_os/pre_emptive_os.a(a7hal.o)
 .glue_7t       0x00003810        0x0 pre_emptive_os/pre_emptive_os.a(a7hal_a.o)
 .glue_7t       0x00003810        0x0 pre_emptive_os/pre_emptive_os.a(count_sem.o)
 .glue_7t       0x00003810        0x0 pre_emptive_os/pre_emptive_os.a(event.o)
 .glue_7t       0x00003810        0x0 /cygdrive/c/Embedded/GNUARM/bin/../lib/gcc/arm-elf/4.1.1/interwork/libgcc.a(_udivsi3.o)
 .glue_7t       0x00003810        0x0 /cygdrive/c/Embedded/GNUARM/bin/../lib/gcc/arm-elf/4.1.1/interwork/libgcc.a(_divsi3.o)
 .glue_7t       0x00003810        0x0 /cygdrive/c/Embedded/GNUARM/bin/../lib/gcc/arm-elf/4.1.1/interwork/libgcc.a(_umodsi3.o)
 .glue_7t       0x00003810        0x0 /cygdrive/c/Embedded/GNUARM/bin/../lib/gcc/arm-elf/4.1.1/interwork/libgcc.a(_modsi3.o)
 .glue_7t       0x00003810        0x0 /cygdrive/c/Embedded/GNUARM/bin/../lib/gcc/arm-elf/4.1.1/interwork/libgcc.a(_dvmd_tls.o)
 .glue_7t       0x00003810        0x0 /cygdrive/c/Embedded/GNUARM/bin/../lib/gcc/arm-elf/4.1.1/interwork/libgcc.a(_call_via_rX.o)
 .glue_7t       0x00003810        0x0 /cygdrive/c/Embedded/GNUARM/bin/../lib/gcc/arm-elf/4.1.1/../../../../arm-elf/lib/interwork/libc.a(atoi.o)
 .glue_7t       0x00003810        0x0 /cygdrive/c/Embedded/GNUARM/bin/../lib/gcc/arm-elf/4.1.1/../../../../arm-elf/lib/interwork/libc.a(memcpy.o)
 .glue_7t       0x00003810        0x0 /cygdrive/c/Embedded/GNUARM/bin/../lib/gcc/arm-elf/4.1.1/../../../../arm-elf/lib/interwork/libc.a(strlen.o)
 .glue_7t       0x00003810        0x0 /cygdrive/c/Embedded/GNUARM/bin/../lib/gcc/arm-elf/4.1.1/../../../../arm-elf/lib/interwork/libc.a(strtol.o)
 .glue_7t       0x00003810        0x0 /cygdrive/c/Embedded/GNUARM/bin/../lib/gcc/arm-elf/4.1.1/../../../../arm-elf/lib/interwork/libc.a(ctype_.o)
 .glue_7t       0x00003810       0x78 /cygdrive/c/Embedded/GNUARM/bin/../lib/gcc/arm-elf/4.1.1/../../../../arm-elf/lib/interwork/libc.a(impure.o)
                0x00003814                ____modsi3_change_to_arm
                0x00003844                __consolSendNumber_change_to_arm
                0x00003840                __consolSendNumber_from_thumb
                0x00003850                __halRestoreInterrupts_oshal_from_thumb
                0x0000383c                __strlen_change_to_arm
                0x00003830                __memcpy_from_thumb
                0x00003860                __ctxSwitch_oshal_from_thumb
                0x0000385c                __stkFrameInit_oshal_change_to_arm
                0x00003874                __initTimer_oshal_change_to_arm
                0x00003878                __startHighProc_oshal_from_thumb
                0x00003810                ____modsi3_from_thumb
                0x00003884                ____udivsi3_change_to_arm
                0x0000387c                __startHighProc_oshal_change_to_arm
                0x00003868                __ctxSwitchIsr_oshal_from_thumb
                0x00003854                __halRestoreInterrupts_oshal_change_to_arm
                0x00003824                __simplePrintf_change_to_arm
                0x00003818                ____divsi3_from_thumb
                0x00003864                __ctxSwitch_oshal_change_to_arm
                0x00003858                __stkFrameInit_oshal_from_thumb
                0x00003880                ____udivsi3_from_thumb
                0x00003828                __eaInit_from_thumb
                0x00003820                __simplePrintf_from_thumb
                0x00003870                __initTimer_oshal_from_thumb
                0x0000382c                __eaInit_change_to_arm
                0x00003838                __strlen_from_thumb
                0x0000386c                __ctxSwitchIsr_oshal_change_to_arm
                0x0000384c                __halDisableInterrupts_oshal_change_to_arm
                0x00003848                __halDisableInterrupts_oshal_from_thumb
                0x00003834                __memcpy_change_to_arm
                0x0000381c                ____divsi3_change_to_arm
                0x00003888                . = ALIGN (0x4)

.rodata         0x00003888      0xac0
 *(.rodata)
 .rodata        0x00003888       0x27 testLedMatrix.o
 *fill*         0x000038af        0x1 00
 .rodata        0x000038b0       0x10 startup/libea_startup_thumb.a(consol.o)
 .rodata        0x000038c0      0x101 /cygdrive/c/Embedded/GNUARM/bin/../lib/gcc/arm-elf/4.1.1/../../../../arm-elf/lib/interwork/libc.a(ctype_.o)
                0x000038c0                _ctype_
 *fill*         0x000039c1        0x3 00
 .rodata        0x000039c4        0x4 /cygdrive/c/Embedded/GNUARM/bin/../lib/gcc/arm-elf/4.1.1/../../../../arm-elf/lib/interwork/libc.a(impure.o)
                0x000039c4                _global_impure_ptr
 *(.rodata*)
 .rodata.str1.4
                0x000039c8      0x635 main.o
                                0x640 (size before relaxing)
 *fill*         0x00003ffd        0x3 00
 .rodata.str1.4
                0x00004000      0x1a5 testI2C.o
                                0x1a8 (size before relaxing)
 *fill*         0x000041a5        0x3 00
 .rodata.str1.4
                0x000041a8       0xa9 testAdc.o
                                0x124 (size before relaxing)
 *fill*         0x00004251        0x3 00
 .rodata.str1.4
                0x00004254       0x18 startup/libea_startup_thumb.a(consol.o)
 .rodata.str1.4
                0x0000426c       0xd8 startup/libea_startup_thumb.a(framework.o)
 .rodata.str1.4
                0x00004344        0x4 /cygdrive/c/Embedded/GNUARM/bin/../lib/gcc/arm-elf/4.1.1/../../../../arm-elf/lib/interwork/libc.a(impure.o)
                0x00004348                . = ALIGN (0x4)
                0x00004348                _etext = .
                0x00004348                PROVIDE (etext, .)

.data           0x40000080      0x418 load address 0x00004348
                0x40000080                _data = .
 *(.data)
 .data          0x40000080        0xc main.o
 .data          0x4000008c        0x0 eeprom.o
 .data          0x4000008c        0x0 i2c.o
 .data          0x4000008c        0x0 testLedMatrix.o
 .data          0x4000008c        0x0 testLcd.o
 .data          0x4000008c        0x0 testMotor.o
 .data          0x4000008c        0x0 testRGB.o
 .data          0x4000008c        0x0 testI2C.o
 .data          0x4000008c        0x0 testAdc.o
 .data          0x4000008c        0x4 irq/irq_code.a(irq_timer1.o)
 .data          0x40000090        0x0 startup/libea_startup_thumb.a(consol.o)
 .data          0x40000090        0x0 startup/libea_startup_thumb.a(framework.o)
 .data          0x40000090        0x0 startup/libea_startup_thumb.a(startup.o)
 .data          0x40000090        0x0 pre_emptive_os/pre_emptive_os.a(kernel.o)
 .data          0x40000090        0x0 pre_emptive_os/pre_emptive_os.a(prioqueue.o)
 .data          0x40000090        0x0 pre_emptive_os/pre_emptive_os.a(timer.o)
 .data          0x40000090        0x0 pre_emptive_os/pre_emptive_os.a(stack_usage.o)
 .data          0x40000090        0x0 pre_emptive_os/pre_emptive_os.a(a7hal.o)
 .data          0x40000090        0x0 pre_emptive_os/pre_emptive_os.a(a7hal_a.o)
 .data          0x40000090        0x0 pre_emptive_os/pre_emptive_os.a(count_sem.o)
 .data          0x40000090        0x0 pre_emptive_os/pre_emptive_os.a(event.o)
 .data          0x40000090        0x0 /cygdrive/c/Embedded/GNUARM/bin/../lib/gcc/arm-elf/4.1.1/interwork/libgcc.a(_udivsi3.o)
 .data          0x40000090        0x0 /cygdrive/c/Embedded/GNUARM/bin/../lib/gcc/arm-elf/4.1.1/interwork/libgcc.a(_divsi3.o)
 .data          0x40000090        0x0 /cygdrive/c/Embedded/GNUARM/bin/../lib/gcc/arm-elf/4.1.1/interwork/libgcc.a(_umodsi3.o)
 .data          0x40000090        0x0 /cygdrive/c/Embedded/GNUARM/bin/../lib/gcc/arm-elf/4.1.1/interwork/libgcc.a(_modsi3.o)
 .data          0x40000090        0x0 /cygdrive/c/Embedded/GNUARM/bin/../lib/gcc/arm-elf/4.1.1/interwork/libgcc.a(_dvmd_tls.o)
 .data          0x40000090        0x0 /cygdrive/c/Embedded/GNUARM/bin/../lib/gcc/arm-elf/4.1.1/interwork/libgcc.a(_call_via_rX.o)
 .data          0x40000090        0x0 /cygdrive/c/Embedded/GNUARM/bin/../lib/gcc/arm-elf/4.1.1/../../../../arm-elf/lib/interwork/libc.a(atoi.o)
 .data          0x40000090        0x0 /cygdrive/c/Embedded/GNUARM/bin/../lib/gcc/arm-elf/4.1.1/../../../../arm-elf/lib/interwork/libc.a(memcpy.o)
 .data          0x40000090        0x0 /cygdrive/c/Embedded/GNUARM/bin/../lib/gcc/arm-elf/4.1.1/../../../../arm-elf/lib/interwork/libc.a(strlen.o)
 .data          0x40000090        0x0 /cygdrive/c/Embedded/GNUARM/bin/../lib/gcc/arm-elf/4.1.1/../../../../arm-elf/lib/interwork/libc.a(strtol.o)
 .data          0x40000090        0x4 /cygdrive/c/Embedded/GNUARM/bin/../lib/gcc/arm-elf/4.1.1/../../../../arm-elf/lib/interwork/libc.a(ctype_.o)
                0x40000090                __ctype_ptr
 .data          0x40000094      0x404 /cygdrive/c/Embedded/GNUARM/bin/../lib/gcc/arm-elf/4.1.1/../../../../arm-elf/lib/interwork/libc.a(impure.o)
                0x40000094                _impure_ptr
                0x40000498                . = ALIGN (0x4)
                0x40000498                _edata = .
                0x40000498                PROVIDE (edata, .)

.bss            0x40000498      0x484
                0x40000498                _bss = .
                0x40000498                __bss_start = .
                0x40000498                __bss_start__ = .
 *(.bss)
 .bss           0x40000498        0x8 main.o
 .bss           0x400004a0        0x0 eeprom.o
 .bss           0x400004a0        0x0 i2c.o
 .bss           0x400004a0        0x8 testLedMatrix.o
                0x400004a0                pattern
 .bss           0x400004a8        0x0 testLcd.o
 .bss           0x400004a8        0x0 testMotor.o
 .bss           0x400004a8        0x0 testRGB.o
 .bss           0x400004a8        0x0 testI2C.o
 .bss           0x400004a8        0x0 testAdc.o
 .bss           0x400004a8        0x8 irq/irq_code.a(irq_timer1.o)
                0x400004a8                time_ticks
 .bss           0x400004b0        0x0 startup/libea_startup_thumb.a(consol.o)
 .bss           0x400004b0        0x0 startup/libea_startup_thumb.a(framework.o)
 .bss           0x400004b0        0x0 startup/libea_startup_thumb.a(startup.o)
 .bss           0x400004b0       0x2c pre_emptive_os/pre_emptive_os.a(kernel.o)
                0x400004b0                osLockNesting
                0x400004b4                pNxtToRun
                0x400004b8                pRunProc
                0x400004b1                isrNesting
 .bss           0x400004dc        0x0 pre_emptive_os/pre_emptive_os.a(prioqueue.o)
 .bss           0x400004dc      0x348 pre_emptive_os/pre_emptive_os.a(timer.o)
 .bss           0x40000824        0x0 pre_emptive_os/pre_emptive_os.a(stack_usage.o)
 .bss           0x40000824        0x0 pre_emptive_os/pre_emptive_os.a(a7hal.o)
 .bss           0x40000824        0x0 pre_emptive_os/pre_emptive_os.a(a7hal_a.o)
 .bss           0x40000824        0x0 pre_emptive_os/pre_emptive_os.a(count_sem.o)
 .bss           0x40000824        0x0 pre_emptive_os/pre_emptive_os.a(event.o)
 .bss           0x40000824        0x0 /cygdrive/c/Embedded/GNUARM/bin/../lib/gcc/arm-elf/4.1.1/interwork/libgcc.a(_udivsi3.o)
 .bss           0x40000824        0x0 /cygdrive/c/Embedded/GNUARM/bin/../lib/gcc/arm-elf/4.1.1/interwork/libgcc.a(_divsi3.o)
 .bss           0x40000824        0x0 /cygdrive/c/Embedded/GNUARM/bin/../lib/gcc/arm-elf/4.1.1/interwork/libgcc.a(_umodsi3.o)
 .bss           0x40000824        0x0 /cygdrive/c/Embedded/GNUARM/bin/../lib/gcc/arm-elf/4.1.1/interwork/libgcc.a(_modsi3.o)
 .bss           0x40000824        0x0 /cygdrive/c/Embedded/GNUARM/bin/../lib/gcc/arm-elf/4.1.1/interwork/libgcc.a(_dvmd_tls.o)
 .bss           0x40000824        0x0 /cygdrive/c/Embedded/GNUARM/bin/../lib/gcc/arm-elf/4.1.1/interwork/libgcc.a(_call_via_rX.o)
 .bss           0x40000824        0x0 /cygdrive/c/Embedded/GNUARM/bin/../lib/gcc/arm-elf/4.1.1/../../../../arm-elf/lib/interwork/libc.a(atoi.o)
 .bss           0x40000824        0x0 /cygdrive/c/Embedded/GNUARM/bin/../lib/gcc/arm-elf/4.1.1/../../../../arm-elf/lib/interwork/libc.a(memcpy.o)
 .bss           0x40000824        0x0 /cygdrive/c/Embedded/GNUARM/bin/../lib/gcc/arm-elf/4.1.1/../../../../arm-elf/lib/interwork/libc.a(strlen.o)
 .bss           0x40000824        0x0 /cygdrive/c/Embedded/GNUARM/bin/../lib/gcc/arm-elf/4.1.1/../../../../arm-elf/lib/interwork/libc.a(strtol.o)
 .bss           0x40000824        0x0 /cygdrive/c/Embedded/GNUARM/bin/../lib/gcc/arm-elf/4.1.1/../../../../arm-elf/lib/interwork/libc.a(ctype_.o)
 .bss           0x40000824        0x0 /cygdrive/c/Embedded/GNUARM/bin/../lib/gcc/arm-elf/4.1.1/../../../../arm-elf/lib/interwork/libc.a(impure.o)
 *(COMMON)
 COMMON         0x40000824        0x8 startup/libea_startup_thumb.a(framework.o)
                0x40000824                pHeapEnd
                0x40000828                pHeapStart
 COMMON         0x4000082c       0xf0 pre_emptive_os/pre_emptive_os.a(kernel.o)
                0x4000082c                processControlBlocks
                0x4000091c                . = ALIGN (0x4)
                0x4000091c                . = ALIGN (0x4)
                0x4000091c                __bss_end = .
                0x4000091c                __bss_end__ = .
                0x4000091c                _end = .
                0x4000091c                PROVIDE (end, .)

.stab           0x00000000      0x600
 *(.stab)
 .stab          0x00000000      0x3c0 startup/libea_startup_thumb.a(startup.o)
 .stab          0x000003c0      0x240 pre_emptive_os/pre_emptive_os.a(a7hal_a.o)
                                0x24c (size before relaxing)

.stabstr        0x00000000       0x99
 *(.stabstr)
 .stabstr       0x00000000       0x99 startup/libea_startup_thumb.a(startup.o)

.stab.excl
 *(.stab.excl)

.stab.exclstr
 *(.stab.exclstr)

.stab.index
 *(.stab.index)

.stab.indexstr
 *(.stab.indexstr)

.comment        0x00000000      0x1c2
 *(.comment)
 .comment       0x00000000       0x12 main.o
 .comment       0x00000012       0x12 eeprom.o
 .comment       0x00000024       0x12 i2c.o
 .comment       0x00000036       0x12 testLedMatrix.o
 .comment       0x00000048       0x12 testLcd.o
 .comment       0x0000005a       0x12 testMotor.o
 .comment       0x0000006c       0x12 testRGB.o
 .comment       0x0000007e       0x12 testI2C.o
 .comment       0x00000090       0x12 testAdc.o
 .comment       0x000000a2       0x12 irq/irq_code.a(irq_timer1.o)
 .comment       0x000000b4       0x12 startup/libea_startup_thumb.a(consol.o)
 .comment       0x000000c6       0x12 startup/libea_startup_thumb.a(framework.o)
 .comment       0x000000d8       0x12 pre_emptive_os/pre_emptive_os.a(kernel.o)
 .comment       0x000000ea       0x12 pre_emptive_os/pre_emptive_os.a(prioqueue.o)
 .comment       0x000000fc       0x12 pre_emptive_os/pre_emptive_os.a(timer.o)
 .comment       0x0000010e       0x12 pre_emptive_os/pre_emptive_os.a(stack_usage.o)
 .comment       0x00000120       0x12 pre_emptive_os/pre_emptive_os.a(a7hal.o)
 .comment       0x00000132       0x12 pre_emptive_os/pre_emptive_os.a(count_sem.o)
 .comment       0x00000144       0x12 pre_emptive_os/pre_emptive_os.a(event.o)
 .comment       0x00000156       0x12 /cygdrive/c/Embedded/GNUARM/bin/../lib/gcc/arm-elf/4.1.1/../../../../arm-elf/lib/interwork/libc.a(atoi.o)
 .comment       0x00000168       0x12 /cygdrive/c/Embedded/GNUARM/bin/../lib/gcc/arm-elf/4.1.1/../../../../arm-elf/lib/interwork/libc.a(memcpy.o)
 .comment       0x0000017a       0x12 /cygdrive/c/Embedded/GNUARM/bin/../lib/gcc/arm-elf/4.1.1/../../../../arm-elf/lib/interwork/libc.a(strlen.o)
 .comment       0x0000018c       0x12 /cygdrive/c/Embedded/GNUARM/bin/../lib/gcc/arm-elf/4.1.1/../../../../arm-elf/lib/interwork/libc.a(strtol.o)
 .comment       0x0000019e       0x12 /cygdrive/c/Embedded/GNUARM/bin/../lib/gcc/arm-elf/4.1.1/../../../../arm-elf/lib/interwork/libc.a(ctype_.o)
 .comment       0x000001b0       0x12 /cygdrive/c/Embedded/GNUARM/bin/../lib/gcc/arm-elf/4.1.1/../../../../arm-elf/lib/interwork/libc.a(impure.o)

.debug
 *(.debug)

.line
 *(.line)

.debug_srcinfo
 *(.debug_srcinfo)

.debug_sfnames
 *(.debug_sfnames)

.debug_aranges  0x00000000      0x3a0
 *(.debug_aranges)
 .debug_aranges
                0x00000000       0x20 main.o
 .debug_aranges
                0x00000020       0x20 eeprom.o
 .debug_aranges
                0x00000040       0x20 i2c.o
 .debug_aranges
                0x00000060       0x20 testLedMatrix.o
 .debug_aranges
                0x00000080       0x20 testLcd.o
 .debug_aranges
                0x000000a0       0x20 testMotor.o
 .debug_aranges
                0x000000c0       0x20 testRGB.o
 .debug_aranges
                0x000000e0       0x20 testI2C.o
 .debug_aranges
                0x00000100       0x20 testAdc.o
 .debug_aranges
                0x00000120       0x20 irq/irq_code.a(irq_timer1.o)
 .debug_aranges
                0x00000140       0x20 startup/libea_startup_thumb.a(consol.o)
 .debug_aranges
                0x00000160       0x20 startup/libea_startup_thumb.a(framework.o)
 .debug_aranges
                0x00000180       0x20 pre_emptive_os/pre_emptive_os.a(kernel.o)
 .debug_aranges
                0x000001a0       0x20 pre_emptive_os/pre_emptive_os.a(prioqueue.o)
 .debug_aranges
                0x000001c0       0x20 pre_emptive_os/pre_emptive_os.a(timer.o)
 .debug_aranges
                0x000001e0       0x20 pre_emptive_os/pre_emptive_os.a(stack_usage.o)
 .debug_aranges
                0x00000200       0x20 pre_emptive_os/pre_emptive_os.a(a7hal.o)
 .debug_aranges
                0x00000220       0x20 pre_emptive_os/pre_emptive_os.a(count_sem.o)
 .debug_aranges
                0x00000240       0x20 pre_emptive_os/pre_emptive_os.a(event.o)
 .debug_aranges
                0x00000260       0x20 /cygdrive/c/Embedded/GNUARM/bin/../lib/gcc/arm-elf/4.1.1/interwork/libgcc.a(_udivsi3.o)
 .debug_aranges
                0x00000280       0x20 /cygdrive/c/Embedded/GNUARM/bin/../lib/gcc/arm-elf/4.1.1/interwork/libgcc.a(_divsi3.o)
 .debug_aranges
                0x000002a0       0x20 /cygdrive/c/Embedded/GNUARM/bin/../lib/gcc/arm-elf/4.1.1/interwork/libgcc.a(_umodsi3.o)
 .debug_aranges
                0x000002c0       0x20 /cygdrive/c/Embedded/GNUARM/bin/../lib/gcc/arm-elf/4.1.1/interwork/libgcc.a(_modsi3.o)
 .debug_aranges
                0x000002e0       0x20 /cygdrive/c/Embedded/GNUARM/bin/../lib/gcc/arm-elf/4.1.1/interwork/libgcc.a(_dvmd_tls.o)
 .debug_aranges
                0x00000300       0x20 /cygdrive/c/Embedded/GNUARM/bin/../lib/gcc/arm-elf/4.1.1/interwork/libgcc.a(_call_via_rX.o)
 .debug_aranges
                0x00000320       0x20 /cygdrive/c/Embedded/GNUARM/bin/../lib/gcc/arm-elf/4.1.1/../../../../arm-elf/lib/interwork/libc.a(atoi.o)
 .debug_aranges
                0x00000340       0x20 /cygdrive/c/Embedded/GNUARM/bin/../lib/gcc/arm-elf/4.1.1/../../../../arm-elf/lib/interwork/libc.a(memcpy.o)
 .debug_aranges
                0x00000360       0x20 /cygdrive/c/Embedded/GNUARM/bin/../lib/gcc/arm-elf/4.1.1/../../../../arm-elf/lib/interwork/libc.a(strlen.o)
 .debug_aranges
                0x00000380       0x20 /cygdrive/c/Embedded/GNUARM/bin/../lib/gcc/arm-elf/4.1.1/../../../../arm-elf/lib/interwork/libc.a(strtol.o)

.debug_pubnames
                0x00000000      0x8f8
 *(.debug_pubnames)
 .debug_pubnames
                0x00000000       0x51 main.o
 .debug_pubnames
                0x00000051       0x58 eeprom.o
 .debug_pubnames
                0x000000a9       0xcc i2c.o
 .debug_pubnames
                0x00000175       0x3e testLedMatrix.o
 .debug_pubnames
                0x000001b3       0x47 testLcd.o
 .debug_pubnames
                0x000001fa       0x20 testMotor.o
 .debug_pubnames
                0x0000021a       0x1e testRGB.o
 .debug_pubnames
                0x00000238       0x2d testI2C.o
 .debug_pubnames
                0x00000265       0x1e testAdc.o
 .debug_pubnames
                0x00000283       0x3c irq/irq_code.a(irq_timer1.o)
 .debug_pubnames
                0x000002bf       0xda startup/libea_startup_thumb.a(consol.o)
 .debug_pubnames
                0x00000399       0x63 startup/libea_startup_thumb.a(framework.o)
 .debug_pubnames
                0x000003fc      0x17f pre_emptive_os/pre_emptive_os.a(kernel.o)
 .debug_pubnames
                0x0000057b       0x76 pre_emptive_os/pre_emptive_os.a(prioqueue.o)
 .debug_pubnames
                0x000005f1       0x55 pre_emptive_os/pre_emptive_os.a(timer.o)
 .debug_pubnames
                0x00000646       0x4e pre_emptive_os/pre_emptive_os.a(stack_usage.o)
 .debug_pubnames
                0x00000694       0xc1 pre_emptive_os/pre_emptive_os.a(a7hal.o)
 .debug_pubnames
                0x00000755       0x4d pre_emptive_os/pre_emptive_os.a(count_sem.o)
 .debug_pubnames
                0x000007a2       0x63 pre_emptive_os/pre_emptive_os.a(event.o)
 .debug_pubnames
                0x00000805       0x27 /cygdrive/c/Embedded/GNUARM/bin/../lib/gcc/arm-elf/4.1.1/../../../../arm-elf/lib/interwork/libc.a(atoi.o)
 .debug_pubnames
                0x0000082c       0x1d /cygdrive/c/Embedded/GNUARM/bin/../lib/gcc/arm-elf/4.1.1/../../../../arm-elf/lib/interwork/libc.a(memcpy.o)
 .debug_pubnames
                0x00000849       0x1d /cygdrive/c/Embedded/GNUARM/bin/../lib/gcc/arm-elf/4.1.1/../../../../arm-elf/lib/interwork/libc.a(strlen.o)
 .debug_pubnames
                0x00000866       0x2b /cygdrive/c/Embedded/GNUARM/bin/../lib/gcc/arm-elf/4.1.1/../../../../arm-elf/lib/interwork/libc.a(strtol.o)
 .debug_pubnames
                0x00000891       0x2e /cygdrive/c/Embedded/GNUARM/bin/../lib/gcc/arm-elf/4.1.1/../../../../arm-elf/lib/interwork/libc.a(ctype_.o)
 .debug_pubnames
                0x000008bf       0x39 /cygdrive/c/Embedded/GNUARM/bin/../lib/gcc/arm-elf/4.1.1/../../../../arm-elf/lib/interwork/libc.a(impure.o)

.debug_info     0x00000000     0x5547
 *(.debug_info .gnu.linkonce.wi.*)
 .debug_info    0x00000000      0x67e main.o
 .debug_info    0x0000067e      0x20d eeprom.o
 .debug_info    0x0000088b      0x465 i2c.o
 .debug_info    0x00000cf0      0x12d testLedMatrix.o
 .debug_info    0x00000e1d      0x196 testLcd.o
 .debug_info    0x00000fb3       0xb7 testMotor.o
 .debug_info    0x0000106a       0xa5 testRGB.o
 .debug_info    0x0000110f      0x150 testI2C.o
 .debug_info    0x0000125f      0x119 testAdc.o
 .debug_info    0x00001378      0x116 irq/irq_code.a(irq_timer1.o)
 .debug_info    0x0000148e      0x584 startup/libea_startup_thumb.a(consol.o)
 .debug_info    0x00001a12      0x1e5 startup/libea_startup_thumb.a(framework.o)
 .debug_info    0x00001bf7      0x5fe pre_emptive_os/pre_emptive_os.a(kernel.o)
 .debug_info    0x000021f5      0x2e8 pre_emptive_os/pre_emptive_os.a(prioqueue.o)
 .debug_info    0x000024dd      0x4b8 pre_emptive_os/pre_emptive_os.a(timer.o)
 .debug_info    0x00002995      0x2cf pre_emptive_os/pre_emptive_os.a(stack_usage.o)
 .debug_info    0x00002c64      0x189 pre_emptive_os/pre_emptive_os.a(a7hal.o)
 .debug_info    0x00002ded      0x32b pre_emptive_os/pre_emptive_os.a(count_sem.o)
 .debug_info    0x00003118      0x2ee pre_emptive_os/pre_emptive_os.a(event.o)
 .debug_info    0x00003406       0x68 /cygdrive/c/Embedded/GNUARM/bin/../lib/gcc/arm-elf/4.1.1/interwork/libgcc.a(_udivsi3.o)
 .debug_info    0x0000346e       0x68 /cygdrive/c/Embedded/GNUARM/bin/../lib/gcc/arm-elf/4.1.1/interwork/libgcc.a(_divsi3.o)
 .debug_info    0x000034d6       0x68 /cygdrive/c/Embedded/GNUARM/bin/../lib/gcc/arm-elf/4.1.1/interwork/libgcc.a(_umodsi3.o)
 .debug_info    0x0000353e       0x68 /cygdrive/c/Embedded/GNUARM/bin/../lib/gcc/arm-elf/4.1.1/interwork/libgcc.a(_modsi3.o)
 .debug_info    0x000035a6       0x68 /cygdrive/c/Embedded/GNUARM/bin/../lib/gcc/arm-elf/4.1.1/interwork/libgcc.a(_dvmd_tls.o)
 .debug_info    0x0000360e       0x68 /cygdrive/c/Embedded/GNUARM/bin/../lib/gcc/arm-elf/4.1.1/interwork/libgcc.a(_call_via_rX.o)
 .debug_info    0x00003676      0x949 /cygdrive/c/Embedded/GNUARM/bin/../lib/gcc/arm-elf/4.1.1/../../../../arm-elf/lib/interwork/libc.a(atoi.o)
 .debug_info    0x00003fbf      0x10a /cygdrive/c/Embedded/GNUARM/bin/../lib/gcc/arm-elf/4.1.1/../../../../arm-elf/lib/interwork/libc.a(memcpy.o)
 .debug_info    0x000040c9       0xd4 /cygdrive/c/Embedded/GNUARM/bin/../lib/gcc/arm-elf/4.1.1/../../../../arm-elf/lib/interwork/libc.a(strlen.o)
 .debug_info    0x0000419d      0xa0f /cygdrive/c/Embedded/GNUARM/bin/../lib/gcc/arm-elf/4.1.1/../../../../arm-elf/lib/interwork/libc.a(strtol.o)
 .debug_info    0x00004bac       0x79 /cygdrive/c/Embedded/GNUARM/bin/../lib/gcc/arm-elf/4.1.1/../../../../arm-elf/lib/interwork/libc.a(ctype_.o)
 .debug_info    0x00004c25      0x922 /cygdrive/c/Embedded/GNUARM/bin/../lib/gcc/arm-elf/4.1.1/../../../../arm-elf/lib/interwork/libc.a(impure.o)

.debug_abbrev   0x00000000     0x1c9c
 *(.debug_abbrev)
 .debug_abbrev  0x00000000      0x202 main.o
 .debug_abbrev  0x00000202      0x117 eeprom.o
 .debug_abbrev  0x00000319      0x1ac i2c.o
 .debug_abbrev  0x000004c5       0xe4 testLedMatrix.o
 .debug_abbrev  0x000005a9      0x132 testLcd.o
 .debug_abbrev  0x000006db       0x75 testMotor.o
 .debug_abbrev  0x00000750       0x6a testRGB.o
 .debug_abbrev  0x000007ba       0xb1 testI2C.o
 .debug_abbrev  0x0000086b       0xdd testAdc.o
 .debug_abbrev  0x00000948       0xcb irq/irq_code.a(irq_timer1.o)
 .debug_abbrev  0x00000a13      0x2a4 startup/libea_startup_thumb.a(consol.o)
 .debug_abbrev  0x00000cb7       0xd0 startup/libea_startup_thumb.a(framework.o)
 .debug_abbrev  0x00000d87      0x1b8 pre_emptive_os/pre_emptive_os.a(kernel.o)
 .debug_abbrev  0x00000f3f      0x11e pre_emptive_os/pre_emptive_os.a(prioqueue.o)
 .debug_abbrev  0x0000105d      0x154 pre_emptive_os/pre_emptive_os.a(timer.o)
 .debug_abbrev  0x000011b1      0x170 pre_emptive_os/pre_emptive_os.a(stack_usage.o)
 .debug_abbrev  0x00001321       0xf2 pre_emptive_os/pre_emptive_os.a(a7hal.o)
 .debug_abbrev  0x00001413      0x101 pre_emptive_os/pre_emptive_os.a(count_sem.o)
 .debug_abbrev  0x00001514      0x103 pre_emptive_os/pre_emptive_os.a(event.o)
 .debug_abbrev  0x00001617       0x14 /cygdrive/c/Embedded/GNUARM/bin/../lib/gcc/arm-elf/4.1.1/interwork/libgcc.a(_udivsi3.o)
 .debug_abbrev  0x0000162b       0x14 /cygdrive/c/Embedded/GNUARM/bin/../lib/gcc/arm-elf/4.1.1/interwork/libgcc.a(_divsi3.o)
 .debug_abbrev  0x0000163f       0x14 /cygdrive/c/Embedded/GNUARM/bin/../lib/gcc/arm-elf/4.1.1/interwork/libgcc.a(_umodsi3.o)
 .debug_abbrev  0x00001653       0x14 /cygdrive/c/Embedded/GNUARM/bin/../lib/gcc/arm-elf/4.1.1/interwork/libgcc.a(_modsi3.o)
 .debug_abbrev  0x00001667       0x14 /cygdrive/c/Embedded/GNUARM/bin/../lib/gcc/arm-elf/4.1.1/interwork/libgcc.a(_dvmd_tls.o)
 .debug_abbrev  0x0000167b       0x14 /cygdrive/c/Embedded/GNUARM/bin/../lib/gcc/arm-elf/4.1.1/interwork/libgcc.a(_call_via_rX.o)
 .debug_abbrev  0x0000168f      0x176 /cygdrive/c/Embedded/GNUARM/bin/../lib/gcc/arm-elf/4.1.1/../../../../arm-elf/lib/interwork/libc.a(atoi.o)
 .debug_abbrev  0x00001805       0xa6 /cygdrive/c/Embedded/GNUARM/bin/../lib/gcc/arm-elf/4.1.1/../../../../arm-elf/lib/interwork/libc.a(memcpy.o)
 .debug_abbrev  0x000018ab       0x8b /cygdrive/c/Embedded/GNUARM/bin/../lib/gcc/arm-elf/4.1.1/../../../../arm-elf/lib/interwork/libc.a(strlen.o)
 .debug_abbrev  0x00001936      0x1bd /cygdrive/c/Embedded/GNUARM/bin/../lib/gcc/arm-elf/4.1.1/../../../../arm-elf/lib/interwork/libc.a(strtol.o)
 .debug_abbrev  0x00001af3       0x52 /cygdrive/c/Embedded/GNUARM/bin/../lib/gcc/arm-elf/4.1.1/../../../../arm-elf/lib/interwork/libc.a(ctype_.o)
 .debug_abbrev  0x00001b45      0x157 /cygdrive/c/Embedded/GNUARM/bin/../lib/gcc/arm-elf/4.1.1/../../../../arm-elf/lib/interwork/libc.a(impure.o)

.debug_line     0x00000000     0x187b
 *(.debug_line)
 .debug_line    0x00000000      0x1bb main.o
 .debug_line    0x000001bb       0xd3 eeprom.o
 .debug_line    0x0000028e      0x123 i2c.o
 .debug_line    0x000003b1       0xa9 testLedMatrix.o
 .debug_line    0x0000045a       0xcb testLcd.o
 .debug_line    0x00000525       0x98 testMotor.o
 .debug_line    0x000005bd       0x96 testRGB.o
 .debug_line    0x00000653       0xce testI2C.o
 .debug_line    0x00000721       0xc9 testAdc.o
 .debug_line    0x000007ea       0x80 irq/irq_code.a(irq_timer1.o)
 .debug_line    0x0000086a      0x193 startup/libea_startup_thumb.a(consol.o)
 .debug_line    0x000009fd       0xba startup/libea_startup_thumb.a(framework.o)
 .debug_line    0x00000ab7      0x176 pre_emptive_os/pre_emptive_os.a(kernel.o)
 .debug_line    0x00000c2d       0xbb pre_emptive_os/pre_emptive_os.a(prioqueue.o)
 .debug_line    0x00000ce8      0x109 pre_emptive_os/pre_emptive_os.a(timer.o)
 .debug_line    0x00000df1       0x97 pre_emptive_os/pre_emptive_os.a(stack_usage.o)
 .debug_line    0x00000e88       0x8c pre_emptive_os/pre_emptive_os.a(a7hal.o)
 .debug_line    0x00000f14       0xd9 pre_emptive_os/pre_emptive_os.a(count_sem.o)
 .debug_line    0x00000fed       0xaf pre_emptive_os/pre_emptive_os.a(event.o)
 .debug_line    0x0000109c       0x84 /cygdrive/c/Embedded/GNUARM/bin/../lib/gcc/arm-elf/4.1.1/interwork/libgcc.a(_udivsi3.o)
 .debug_line    0x00001120       0x90 /cygdrive/c/Embedded/GNUARM/bin/../lib/gcc/arm-elf/4.1.1/interwork/libgcc.a(_divsi3.o)
 .debug_line    0x000011b0       0x6e /cygdrive/c/Embedded/GNUARM/bin/../lib/gcc/arm-elf/4.1.1/interwork/libgcc.a(_umodsi3.o)
 .debug_line    0x0000121e       0x74 /cygdrive/c/Embedded/GNUARM/bin/../lib/gcc/arm-elf/4.1.1/interwork/libgcc.a(_modsi3.o)
 .debug_line    0x00001292       0x5d /cygdrive/c/Embedded/GNUARM/bin/../lib/gcc/arm-elf/4.1.1/interwork/libgcc.a(_dvmd_tls.o)
 .debug_line    0x000012ef       0x6b /cygdrive/c/Embedded/GNUARM/bin/../lib/gcc/arm-elf/4.1.1/interwork/libgcc.a(_call_via_rX.o)
 .debug_line    0x0000135a       0xf9 /cygdrive/c/Embedded/GNUARM/bin/../lib/gcc/arm-elf/4.1.1/../../../../arm-elf/lib/interwork/libc.a(atoi.o)
 .debug_line    0x00001453       0xc8 /cygdrive/c/Embedded/GNUARM/bin/../lib/gcc/arm-elf/4.1.1/../../../../arm-elf/lib/interwork/libc.a(memcpy.o)
 .debug_line    0x0000151b       0xaf /cygdrive/c/Embedded/GNUARM/bin/../lib/gcc/arm-elf/4.1.1/../../../../arm-elf/lib/interwork/libc.a(strlen.o)
 .debug_line    0x000015ca      0x173 /cygdrive/c/Embedded/GNUARM/bin/../lib/gcc/arm-elf/4.1.1/../../../../arm-elf/lib/interwork/libc.a(strtol.o)
 .debug_line    0x0000173d       0x5b /cygdrive/c/Embedded/GNUARM/bin/../lib/gcc/arm-elf/4.1.1/../../../../arm-elf/lib/interwork/libc.a(ctype_.o)
 .debug_line    0x00001798       0xe3 /cygdrive/c/Embedded/GNUARM/bin/../lib/gcc/arm-elf/4.1.1/../../../../arm-elf/lib/interwork/libc.a(impure.o)

.debug_frame    0x00000000      0xd48
 *(.debug_frame)
 .debug_frame   0x00000000       0xd0 main.o
 .debug_frame   0x000000d0       0x84 eeprom.o
 .debug_frame   0x00000154      0x108 i2c.o
 .debug_frame   0x0000025c       0x30 testLedMatrix.o
 .debug_frame   0x0000028c       0x9c testLcd.o
 .debug_frame   0x00000328       0x2c testMotor.o
 .debug_frame   0x00000354       0x2c testRGB.o
 .debug_frame   0x00000380       0x50 testI2C.o
 .debug_frame   0x000003d0       0x48 testAdc.o
 .debug_frame   0x00000418       0x3c irq/irq_code.a(irq_timer1.o)
 .debug_frame   0x00000454      0x150 startup/libea_startup_thumb.a(consol.o)
 .debug_frame   0x000005a4       0xe0 startup/libea_startup_thumb.a(framework.o)
 .debug_frame   0x00000684      0x1e8 pre_emptive_os/pre_emptive_os.a(kernel.o)
 .debug_frame   0x0000086c       0x8c pre_emptive_os/pre_emptive_os.a(prioqueue.o)
 .debug_frame   0x000008f8       0xb8 pre_emptive_os/pre_emptive_os.a(timer.o)
 .debug_frame   0x000009b0       0x58 pre_emptive_os/pre_emptive_os.a(stack_usage.o)
 .debug_frame   0x00000a08       0xa0 pre_emptive_os/pre_emptive_os.a(a7hal.o)
 .debug_frame   0x00000aa8       0x84 pre_emptive_os/pre_emptive_os.a(count_sem.o)
 .debug_frame   0x00000b2c       0x94 pre_emptive_os/pre_emptive_os.a(event.o)
 .debug_frame   0x00000bc0       0x2c /cygdrive/c/Embedded/GNUARM/bin/../lib/gcc/arm-elf/4.1.1/interwork/libgcc.a(_udivsi3.o)
 .debug_frame   0x00000bec       0x2c /cygdrive/c/Embedded/GNUARM/bin/../lib/gcc/arm-elf/4.1.1/interwork/libgcc.a(_divsi3.o)
 .debug_frame   0x00000c18       0x2c /cygdrive/c/Embedded/GNUARM/bin/../lib/gcc/arm-elf/4.1.1/interwork/libgcc.a(_umodsi3.o)
 .debug_frame   0x00000c44       0x2c /cygdrive/c/Embedded/GNUARM/bin/../lib/gcc/arm-elf/4.1.1/interwork/libgcc.a(_modsi3.o)
 .debug_frame   0x00000c70       0x40 /cygdrive/c/Embedded/GNUARM/bin/../lib/gcc/arm-elf/4.1.1/../../../../arm-elf/lib/interwork/libc.a(atoi.o)
 .debug_frame   0x00000cb0       0x28 /cygdrive/c/Embedded/GNUARM/bin/../lib/gcc/arm-elf/4.1.1/../../../../arm-elf/lib/interwork/libc.a(memcpy.o)
 .debug_frame   0x00000cd8       0x20 /cygdrive/c/Embedded/GNUARM/bin/../lib/gcc/arm-elf/4.1.1/../../../../arm-elf/lib/interwork/libc.a(strlen.o)
 .debug_frame   0x00000cf8       0x50 /cygdrive/c/Embedded/GNUARM/bin/../lib/gcc/arm-elf/4.1.1/../../../../arm-elf/lib/interwork/libc.a(strtol.o)

.debug_str      0x00000000     0x1573
 *(.debug_str)
 .debug_str     0x00000000      0x230 main.o
                                0x281 (size before relaxing)
 .debug_str     0x00000230       0x7c eeprom.o
                                 0xf8 (size before relaxing)
 .debug_str     0x000002ac       0x95 i2c.o
                                0x135 (size before relaxing)
 .debug_str     0x00000341       0x63 testLedMatrix.o
                                 0xf1 (size before relaxing)
 .debug_str     0x000003a4       0x5d testLcd.o
                                 0xf0 (size before relaxing)
 .debug_str     0x00000401       0x33 testMotor.o
                                 0xcb (size before relaxing)
 .debug_str     0x00000434       0x1d testRGB.o
                                 0xa6 (size before relaxing)
 .debug_str     0x00000451       0x87 testI2C.o
                                0x11e (size before relaxing)
 .debug_str     0x000004d8       0x4b testAdc.o
                                 0xe8 (size before relaxing)
 .debug_str     0x00000523       0x6f irq/irq_code.a(irq_timer1.o)
                                 0xf2 (size before relaxing)
 .debug_str     0x00000592      0x195 startup/libea_startup_thumb.a(consol.o)
                                0x242 (size before relaxing)
 .debug_str     0x00000727       0xdd startup/libea_startup_thumb.a(framework.o)
                                0x13e (size before relaxing)
 .debug_str     0x00000804      0x2da pre_emptive_os/pre_emptive_os.a(kernel.o)
                                0x35e (size before relaxing)
 .debug_str     0x00000ade       0x7d pre_emptive_os/pre_emptive_os.a(prioqueue.o)
                                0x246 (size before relaxing)
 .debug_str     0x00000b5b      0x109 pre_emptive_os/pre_emptive_os.a(timer.o)
                                0x2f7 (size before relaxing)
 .debug_str     0x00000c64       0x70 pre_emptive_os/pre_emptive_os.a(stack_usage.o)
                                0x22b (size before relaxing)
 .debug_str     0x00000cd4      0x16f pre_emptive_os/pre_emptive_os.a(a7hal.o)
                                0x1dd (size before relaxing)
 .debug_str     0x00000e43       0x51 pre_emptive_os/pre_emptive_os.a(count_sem.o)
                                0x25b (size before relaxing)
 .debug_str     0x00000e94       0x51 pre_emptive_os/pre_emptive_os.a(event.o)
                                0x265 (size before relaxing)
 .debug_str     0x00000ee5      0x409 /cygdrive/c/Embedded/GNUARM/bin/../lib/gcc/arm-elf/4.1.1/../../../../arm-elf/lib/interwork/libc.a(atoi.o)
                                0x49e (size before relaxing)
 .debug_str     0x000012ee       0xaa /cygdrive/c/Embedded/GNUARM/bin/../lib/gcc/arm-elf/4.1.1/../../../../arm-elf/lib/interwork/libc.a(memcpy.o)
                                 0xd6 (size before relaxing)
 .debug_str     0x00001398       0x56 /cygdrive/c/Embedded/GNUARM/bin/../lib/gcc/arm-elf/4.1.1/../../../../arm-elf/lib/interwork/libc.a(strlen.o)
                                0x11f (size before relaxing)
 .debug_str     0x000013ee       0x78 /cygdrive/c/Embedded/GNUARM/bin/../lib/gcc/arm-elf/4.1.1/../../../../arm-elf/lib/interwork/libc.a(strtol.o)
                                0x4e0 (size before relaxing)
 .debug_str     0x00001466       0x7b /cygdrive/c/Embedded/GNUARM/bin/../lib/gcc/arm-elf/4.1.1/../../../../arm-elf/lib/interwork/libc.a(ctype_.o)
                                 0xaa (size before relaxing)
 .debug_str     0x000014e1       0x92 /cygdrive/c/Embedded/GNUARM/bin/../lib/gcc/arm-elf/4.1.1/../../../../arm-elf/lib/interwork/libc.a(impure.o)
                                0x4bc (size before relaxing)

.debug_loc      0x00000000     0x18bc
 *(.debug_loc)
 .debug_loc     0x00000000      0x2a8 main.o
 .debug_loc     0x000002a8      0x26a eeprom.o
 .debug_loc     0x00000512      0x406 i2c.o
 .debug_loc     0x00000918       0x89 testLedMatrix.o
 .debug_loc     0x000009a1      0x1a3 testLcd.o
 .debug_loc     0x00000b44       0x5b testMotor.o
 .debug_loc     0x00000b9f       0x79 testRGB.o
 .debug_loc     0x00000c18       0x86 testI2C.o
 .debug_loc     0x00000c9e       0x9a testAdc.o
 .debug_loc     0x00000d38       0x1f irq/irq_code.a(irq_timer1.o)
 .debug_loc     0x00000d57      0x5ee startup/libea_startup_thumb.a(consol.o)
 .debug_loc     0x00001345      0x1b2 startup/libea_startup_thumb.a(framework.o)
 .debug_loc     0x000014f7       0x77 /cygdrive/c/Embedded/GNUARM/bin/../lib/gcc/arm-elf/4.1.1/../../../../arm-elf/lib/interwork/libc.a(atoi.o)
 .debug_loc     0x0000156e       0xfc /cygdrive/c/Embedded/GNUARM/bin/../lib/gcc/arm-elf/4.1.1/../../../../arm-elf/lib/interwork/libc.a(memcpy.o)
 .debug_loc     0x0000166a       0x47 /cygdrive/c/Embedded/GNUARM/bin/../lib/gcc/arm-elf/4.1.1/../../../../arm-elf/lib/interwork/libc.a(strlen.o)
 .debug_loc     0x000016b1      0x20b /cygdrive/c/Embedded/GNUARM/bin/../lib/gcc/arm-elf/4.1.1/../../../../arm-elf/lib/interwork/libc.a(strtol.o)

.debug_macinfo
 *(.debug_macinfo)

.debug_weaknames
 *(.debug_weaknames)

.debug_funcnames
 *(.debug_funcnames)

.debug_typenames
 *(.debug_typenames)

.debug_varnames
 *(.debug_varnames)
OUTPUT(testprogram_lpc2148_edu.elf elf32-littlearm)

.debug_ranges   0x00000000      0x2f0
 .debug_ranges  0x00000000      0x260 main.o
 .debug_ranges  0x00000260       0x18 testLedMatrix.o
 .debug_ranges  0x00000278       0x30 testLcd.o
 .debug_ranges  0x000002a8       0x18 testI2C.o
 .debug_ranges  0x000002c0       0x30 testAdc.o

Cross Reference Table

Symbol                                            File
____divsi3_change_to_arm                          /cygdrive/c/Embedded/GNUARM/bin/../lib/gcc/arm-elf/4.1.1/../../../../arm-elf/lib/interwork/libc.a(impure.o)
____divsi3_from_thumb                             /cygdrive/c/Embedded/GNUARM/bin/../lib/gcc/arm-elf/4.1.1/../../../../arm-elf/lib/interwork/libc.a(impure.o)
____modsi3_change_to_arm                          /cygdrive/c/Embedded/GNUARM/bin/../lib/gcc/arm-elf/4.1.1/../../../../arm-elf/lib/interwork/libc.a(impure.o)
____modsi3_from_thumb                             /cygdrive/c/Embedded/GNUARM/bin/../lib/gcc/arm-elf/4.1.1/../../../../arm-elf/lib/interwork/libc.a(impure.o)
____udivsi3_change_to_arm                         /cygdrive/c/Embedded/GNUARM/bin/../lib/gcc/arm-elf/4.1.1/../../../../arm-elf/lib/interwork/libc.a(impure.o)
____udivsi3_from_thumb                            /cygdrive/c/Embedded/GNUARM/bin/../lib/gcc/arm-elf/4.1.1/../../../../arm-elf/lib/interwork/libc.a(impure.o)
__aeabi_idiv                                      /cygdrive/c/Embedded/GNUARM/bin/../lib/gcc/arm-elf/4.1.1/interwork/libgcc.a(_divsi3.o)
__aeabi_idiv0                                     /cygdrive/c/Embedded/GNUARM/bin/../lib/gcc/arm-elf/4.1.1/interwork/libgcc.a(_dvmd_tls.o)
__aeabi_idivmod                                   /cygdrive/c/Embedded/GNUARM/bin/../lib/gcc/arm-elf/4.1.1/interwork/libgcc.a(_divsi3.o)
__aeabi_ldiv0                                     /cygdrive/c/Embedded/GNUARM/bin/../lib/gcc/arm-elf/4.1.1/interwork/libgcc.a(_dvmd_tls.o)
__aeabi_uidiv                                     /cygdrive/c/Embedded/GNUARM/bin/../lib/gcc/arm-elf/4.1.1/interwork/libgcc.a(_udivsi3.o)
__aeabi_uidivmod                                  /cygdrive/c/Embedded/GNUARM/bin/../lib/gcc/arm-elf/4.1.1/interwork/libgcc.a(_udivsi3.o)
__bss_end__                                       startup/libea_startup_thumb.a(startup.o)
__bss_start__                                     startup/libea_startup_thumb.a(startup.o)
__consolSendNumber_change_to_arm                  /cygdrive/c/Embedded/GNUARM/bin/../lib/gcc/arm-elf/4.1.1/../../../../arm-elf/lib/interwork/libc.a(impure.o)
__consolSendNumber_from_thumb                     /cygdrive/c/Embedded/GNUARM/bin/../lib/gcc/arm-elf/4.1.1/../../../../arm-elf/lib/interwork/libc.a(impure.o)
__ctxSwitchIsr_oshal_change_to_arm                /cygdrive/c/Embedded/GNUARM/bin/../lib/gcc/arm-elf/4.1.1/../../../../arm-elf/lib/interwork/libc.a(impure.o)
__ctxSwitchIsr_oshal_from_thumb                   /cygdrive/c/Embedded/GNUARM/bin/../lib/gcc/arm-elf/4.1.1/../../../../arm-elf/lib/interwork/libc.a(impure.o)
__ctxSwitch_oshal_change_to_arm                   /cygdrive/c/Embedded/GNUARM/bin/../lib/gcc/arm-elf/4.1.1/../../../../arm-elf/lib/interwork/libc.a(impure.o)
__ctxSwitch_oshal_from_thumb                      /cygdrive/c/Embedded/GNUARM/bin/../lib/gcc/arm-elf/4.1.1/../../../../arm-elf/lib/interwork/libc.a(impure.o)
__ctype_ptr                                       /cygdrive/c/Embedded/GNUARM/bin/../lib/gcc/arm-elf/4.1.1/../../../../arm-elf/lib/interwork/libc.a(ctype_.o)
                                                  /cygdrive/c/Embedded/GNUARM/bin/../lib/gcc/arm-elf/4.1.1/../../../../arm-elf/lib/interwork/libc.a(strtol.o)
__div0                                            /cygdrive/c/Embedded/GNUARM/bin/../lib/gcc/arm-elf/4.1.1/interwork/libgcc.a(_dvmd_tls.o)
                                                  /cygdrive/c/Embedded/GNUARM/bin/../lib/gcc/arm-elf/4.1.1/interwork/libgcc.a(_modsi3.o)
                                                  /cygdrive/c/Embedded/GNUARM/bin/../lib/gcc/arm-elf/4.1.1/interwork/libgcc.a(_umodsi3.o)
                                                  /cygdrive/c/Embedded/GNUARM/bin/../lib/gcc/arm-elf/4.1.1/interwork/libgcc.a(_divsi3.o)
                                                  /cygdrive/c/Embedded/GNUARM/bin/../lib/gcc/arm-elf/4.1.1/interwork/libgcc.a(_udivsi3.o)
__divsi3                                          /cygdrive/c/Embedded/GNUARM/bin/../lib/gcc/arm-elf/4.1.1/interwork/libgcc.a(_divsi3.o)
                                                  pre_emptive_os/pre_emptive_os.a(stack_usage.o)
                                                  main.o
__eaInit_change_to_arm                            /cygdrive/c/Embedded/GNUARM/bin/../lib/gcc/arm-elf/4.1.1/../../../../arm-elf/lib/interwork/libc.a(impure.o)
__eaInit_from_thumb                               /cygdrive/c/Embedded/GNUARM/bin/../lib/gcc/arm-elf/4.1.1/../../../../arm-elf/lib/interwork/libc.a(impure.o)
__halDisableInterrupts_oshal_change_to_arm        /cygdrive/c/Embedded/GNUARM/bin/../lib/gcc/arm-elf/4.1.1/../../../../arm-elf/lib/interwork/libc.a(impure.o)
__halDisableInterrupts_oshal_from_thumb           /cygdrive/c/Embedded/GNUARM/bin/../lib/gcc/arm-elf/4.1.1/../../../../arm-elf/lib/interwork/libc.a(impure.o)
__halRestoreInterrupts_oshal_change_to_arm        /cygdrive/c/Embedded/GNUARM/bin/../lib/gcc/arm-elf/4.1.1/../../../../arm-elf/lib/interwork/libc.a(impure.o)
__halRestoreInterrupts_oshal_from_thumb           /cygdrive/c/Embedded/GNUARM/bin/../lib/gcc/arm-elf/4.1.1/../../../../arm-elf/lib/interwork/libc.a(impure.o)
__initTimer_oshal_change_to_arm                   /cygdrive/c/Embedded/GNUARM/bin/../lib/gcc/arm-elf/4.1.1/../../../../arm-elf/lib/interwork/libc.a(impure.o)
__initTimer_oshal_from_thumb                      /cygdrive/c/Embedded/GNUARM/bin/../lib/gcc/arm-elf/4.1.1/../../../../arm-elf/lib/interwork/libc.a(impure.o)
__memcpy_change_to_arm                            /cygdrive/c/Embedded/GNUARM/bin/../lib/gcc/arm-elf/4.1.1/../../../../arm-elf/lib/interwork/libc.a(impure.o)
__memcpy_from_thumb                               /cygdrive/c/Embedded/GNUARM/bin/../lib/gcc/arm-elf/4.1.1/../../../../arm-elf/lib/interwork/libc.a(impure.o)
__modsi3                                          /cygdrive/c/Embedded/GNUARM/bin/../lib/gcc/arm-elf/4.1.1/interwork/libgcc.a(_modsi3.o)
                                                  main.o
__osISRExit_from_arm                              /cygdrive/c/Embedded/GNUARM/bin/../lib/gcc/arm-elf/4.1.1/../../../../arm-elf/lib/interwork/libc.a(impure.o)
__osTick_from_arm                                 /cygdrive/c/Embedded/GNUARM/bin/../lib/gcc/arm-elf/4.1.1/../../../../arm-elf/lib/interwork/libc.a(impure.o)
__simplePrintf_change_to_arm                      /cygdrive/c/Embedded/GNUARM/bin/../lib/gcc/arm-elf/4.1.1/../../../../arm-elf/lib/interwork/libc.a(impure.o)
__simplePrintf_from_thumb                         /cygdrive/c/Embedded/GNUARM/bin/../lib/gcc/arm-elf/4.1.1/../../../../arm-elf/lib/interwork/libc.a(impure.o)
__startHighProc_oshal_change_to_arm               /cygdrive/c/Embedded/GNUARM/bin/../lib/gcc/arm-elf/4.1.1/../../../../arm-elf/lib/interwork/libc.a(impure.o)
__startHighProc_oshal_from_thumb                  /cygdrive/c/Embedded/GNUARM/bin/../lib/gcc/arm-elf/4.1.1/../../../../arm-elf/lib/interwork/libc.a(impure.o)
__stkFrameInit_oshal_change_to_arm                /cygdrive/c/Embedded/GNUARM/bin/../lib/gcc/arm-elf/4.1.1/../../../../arm-elf/lib/interwork/libc.a(impure.o)
__stkFrameInit_oshal_from_thumb                   /cygdrive/c/Embedded/GNUARM/bin/../lib/gcc/arm-elf/4.1.1/../../../../arm-elf/lib/interwork/libc.a(impure.o)
__strlen_change_to_arm                            /cygdrive/c/Embedded/GNUARM/bin/../lib/gcc/arm-elf/4.1.1/../../../../arm-elf/lib/interwork/libc.a(impure.o)
__strlen_from_thumb                               /cygdrive/c/Embedded/GNUARM/bin/../lib/gcc/arm-elf/4.1.1/../../../../arm-elf/lib/interwork/libc.a(impure.o)
__udivsi3                                         /cygdrive/c/Embedded/GNUARM/bin/../lib/gcc/arm-elf/4.1.1/interwork/libgcc.a(_udivsi3.o)
                                                  /cygdrive/c/Embedded/GNUARM/bin/../lib/gcc/arm-elf/4.1.1/../../../../arm-elf/lib/interwork/libc.a(strtol.o)
                                                  pre_emptive_os/pre_emptive_os.a(stack_usage.o)
                                                  startup/libea_startup_thumb.a(consol.o)
__umodsi3                                         /cygdrive/c/Embedded/GNUARM/bin/../lib/gcc/arm-elf/4.1.1/interwork/libgcc.a(_umodsi3.o)
                                                  /cygdrive/c/Embedded/GNUARM/bin/../lib/gcc/arm-elf/4.1.1/../../../../arm-elf/lib/interwork/libc.a(strtol.o)
                                                  startup/libea_startup_thumb.a(consol.o)
_atoi_r                                           /cygdrive/c/Embedded/GNUARM/bin/../lib/gcc/arm-elf/4.1.1/../../../../arm-elf/lib/interwork/libc.a(atoi.o)
_call_via_fp                                      /cygdrive/c/Embedded/GNUARM/bin/../lib/gcc/arm-elf/4.1.1/interwork/libgcc.a(_call_via_rX.o)
_call_via_ip                                      /cygdrive/c/Embedded/GNUARM/bin/../lib/gcc/arm-elf/4.1.1/interwork/libgcc.a(_call_via_rX.o)
_call_via_lr                                      /cygdrive/c/Embedded/GNUARM/bin/../lib/gcc/arm-elf/4.1.1/interwork/libgcc.a(_call_via_rX.o)
_call_via_r0                                      /cygdrive/c/Embedded/GNUARM/bin/../lib/gcc/arm-elf/4.1.1/interwork/libgcc.a(_call_via_rX.o)
_call_via_r1                                      /cygdrive/c/Embedded/GNUARM/bin/../lib/gcc/arm-elf/4.1.1/interwork/libgcc.a(_call_via_rX.o)
_call_via_r2                                      /cygdrive/c/Embedded/GNUARM/bin/../lib/gcc/arm-elf/4.1.1/interwork/libgcc.a(_call_via_rX.o)
_call_via_r3                                      /cygdrive/c/Embedded/GNUARM/bin/../lib/gcc/arm-elf/4.1.1/interwork/libgcc.a(_call_via_rX.o)
_call_via_r4                                      /cygdrive/c/Embedded/GNUARM/bin/../lib/gcc/arm-elf/4.1.1/interwork/libgcc.a(_call_via_rX.o)
                                                  pre_emptive_os/pre_emptive_os.a(timer.o)
_call_via_r5                                      /cygdrive/c/Embedded/GNUARM/bin/../lib/gcc/arm-elf/4.1.1/interwork/libgcc.a(_call_via_rX.o)
_call_via_r6                                      /cygdrive/c/Embedded/GNUARM/bin/../lib/gcc/arm-elf/4.1.1/interwork/libgcc.a(_call_via_rX.o)
_call_via_r7                                      /cygdrive/c/Embedded/GNUARM/bin/../lib/gcc/arm-elf/4.1.1/interwork/libgcc.a(_call_via_rX.o)
_call_via_r8                                      /cygdrive/c/Embedded/GNUARM/bin/../lib/gcc/arm-elf/4.1.1/interwork/libgcc.a(_call_via_rX.o)
_call_via_r9                                      /cygdrive/c/Embedded/GNUARM/bin/../lib/gcc/arm-elf/4.1.1/interwork/libgcc.a(_call_via_rX.o)
_call_via_sl                                      /cygdrive/c/Embedded/GNUARM/bin/../lib/gcc/arm-elf/4.1.1/interwork/libgcc.a(_call_via_rX.o)
_call_via_sp                                      /cygdrive/c/Embedded/GNUARM/bin/../lib/gcc/arm-elf/4.1.1/interwork/libgcc.a(_call_via_rX.o)
_ctype_                                           /cygdrive/c/Embedded/GNUARM/bin/../lib/gcc/arm-elf/4.1.1/../../../../arm-elf/lib/interwork/libc.a(ctype_.o)
_data                                             startup/libea_startup_thumb.a(startup.o)
_edata                                            startup/libea_startup_thumb.a(startup.o)
_etext                                            startup/libea_startup_thumb.a(startup.o)
_global_impure_ptr                                /cygdrive/c/Embedded/GNUARM/bin/../lib/gcc/arm-elf/4.1.1/../../../../arm-elf/lib/interwork/libc.a(impure.o)
_impure_ptr                                       /cygdrive/c/Embedded/GNUARM/bin/../lib/gcc/arm-elf/4.1.1/../../../../arm-elf/lib/interwork/libc.a(impure.o)
                                                  /cygdrive/c/Embedded/GNUARM/bin/../lib/gcc/arm-elf/4.1.1/../../../../arm-elf/lib/interwork/libc.a(strtol.o)
_startup                                          startup/libea_startup_thumb.a(startup.o)
_strtol_r                                         /cygdrive/c/Embedded/GNUARM/bin/../lib/gcc/arm-elf/4.1.1/../../../../arm-elf/lib/interwork/libc.a(strtol.o)
                                                  /cygdrive/c/Embedded/GNUARM/bin/../lib/gcc/arm-elf/4.1.1/../../../../arm-elf/lib/interwork/libc.a(atoi.o)
addToPrioQueue                                    pre_emptive_os/pre_emptive_os.a(prioqueue.o)
                                                  pre_emptive_os/pre_emptive_os.a(event.o)
                                                  pre_emptive_os/pre_emptive_os.a(kernel.o)
addToRdyList                                      pre_emptive_os/pre_emptive_os.a(kernel.o)
                                                  pre_emptive_os/pre_emptive_os.a(event.o)
addToTimeList                                     pre_emptive_os/pre_emptive_os.a(kernel.o)
                                                  pre_emptive_os/pre_emptive_os.a(event.o)
appTick                                           main.o
                                                  pre_emptive_os/pre_emptive_os.a(kernel.o)
atoi                                              /cygdrive/c/Embedded/GNUARM/bin/../lib/gcc/arm-elf/4.1.1/../../../../arm-elf/lib/interwork/libc.a(atoi.o)
                                                  startup/libea_startup_thumb.a(consol.o)
checkStackLimit                                   pre_emptive_os/pre_emptive_os.a(stack_usage.o)
clearLCD                                          testLcd.o
                                                  main.o
consolGetCh                                       startup/libea_startup_thumb.a(consol.o)
consolGetChar                                     startup/libea_startup_thumb.a(consol.o)
consolGetIntNum                                   startup/libea_startup_thumb.a(consol.o)
consolGetString                                   startup/libea_startup_thumb.a(consol.o)
consolInit                                        startup/libea_startup_thumb.a(consol.o)
                                                  startup/libea_startup_thumb.a(framework.o)
consolScanf                                       startup/libea_startup_thumb.a(consol.o)
consolSendCh                                      startup/libea_startup_thumb.a(consol.o)
consolSendChar                                    startup/libea_startup_thumb.a(consol.o)
consolSendNumber                                  startup/libea_startup_thumb.a(consol.o)
                                                  startup/libea_startup_thumb.a(framework.o)
                                                  testAdc.o
consolSendString                                  startup/libea_startup_thumb.a(consol.o)
                                                  startup/libea_startup_thumb.a(framework.o)
createStackPattern                                pre_emptive_os/pre_emptive_os.a(stack_usage.o)
                                                  pre_emptive_os/pre_emptive_os.a(kernel.o)
ctxSwitchIsr_oshal                                pre_emptive_os/pre_emptive_os.a(a7hal_a.o)
                                                  pre_emptive_os/pre_emptive_os.a(kernel.o)
ctxSwitch_oshal                                   pre_emptive_os/pre_emptive_os.a(a7hal_a.o)
                                                  pre_emptive_os/pre_emptive_os.a(kernel.o)
eaInit                                            startup/libea_startup_thumb.a(framework.o)
                                                  main.o
eepromPageRead                                    eeprom.o
                                                  testI2C.o
eepromPoll                                        eeprom.o
                                                  testI2C.o
eepromStartRead                                   eeprom.o
eepromWrite                                       eeprom.o
                                                  testI2C.o
end                                               startup/libea_startup_thumb.a(framework.o)
eventInit                                         pre_emptive_os/pre_emptive_os.a(event.o)
                                                  pre_emptive_os/pre_emptive_os.a(count_sem.o)
eventIsEmpty                                      pre_emptive_os/pre_emptive_os.a(event.o)
                                                  pre_emptive_os/pre_emptive_os.a(count_sem.o)
eventSignal                                       pre_emptive_os/pre_emptive_os.a(event.o)
                                                  pre_emptive_os/pre_emptive_os.a(count_sem.o)
eventWait                                         pre_emptive_os/pre_emptive_os.a(event.o)
                                                  pre_emptive_os/pre_emptive_os.a(count_sem.o)
eventWaitReturn                                   pre_emptive_os/pre_emptive_os.a(event.o)
                                                  pre_emptive_os/pre_emptive_os.a(count_sem.o)
exceptionHandlerInit                              startup/libea_startup_thumb.a(framework.o)
                                                  startup/libea_startup_thumb.a(startup.o)
generalIRQ_oshal                                  pre_emptive_os/pre_emptive_os.a(a7hal_a.o)
                                                  pre_emptive_os/pre_emptive_os.a(a7hal.o)
getHighPrioQueue                                  pre_emptive_os/pre_emptive_os.a(prioqueue.o)
                                                  pre_emptive_os/pre_emptive_os.a(event.o)
                                                  pre_emptive_os/pre_emptive_os.a(kernel.o)
halDisableInterrupts_oshal                        pre_emptive_os/pre_emptive_os.a(a7hal.o)
                                                  pre_emptive_os/pre_emptive_os.a(count_sem.o)
                                                  pre_emptive_os/pre_emptive_os.a(timer.o)
                                                  pre_emptive_os/pre_emptive_os.a(kernel.o)
halEnableInterrupts_oshal                         pre_emptive_os/pre_emptive_os.a(a7hal.o)
halRestoreInterrupts_oshal                        pre_emptive_os/pre_emptive_os.a(a7hal.o)
                                                  pre_emptive_os/pre_emptive_os.a(count_sem.o)
                                                  pre_emptive_os/pre_emptive_os.a(timer.o)
                                                  pre_emptive_os/pre_emptive_os.a(kernel.o)
handleIRQs_oshal                                  pre_emptive_os/pre_emptive_os.a(a7hal.o)
                                                  pre_emptive_os/pre_emptive_os.a(a7hal_a.o)
i2cCheckStatus                                    i2c.o
                                                  eeprom.o
i2cGetChar                                        i2c.o
                                                  eeprom.o
i2cInit                                           i2c.o
                                                  testI2C.o
i2cMyWrite                                        i2c.o
i2cPutChar                                        i2c.o
                                                  eeprom.o
i2cRead                                           i2c.o
i2cRepeatStart                                    i2c.o
                                                  eeprom.o
i2cStart                                          i2c.o
                                                  eeprom.o
i2cStop                                           i2c.o
                                                  eeprom.o
i2cWaitTransmit                                   i2c.o
i2cWrite                                          i2c.o
i2cWriteWithWait                                  i2c.o
                                                  eeprom.o
initPrioQueue                                     pre_emptive_os/pre_emptive_os.a(prioqueue.o)
                                                  pre_emptive_os/pre_emptive_os.a(event.o)
                                                  pre_emptive_os/pre_emptive_os.a(kernel.o)
initTimer_oshal                                   pre_emptive_os/pre_emptive_os.a(a7hal.o)
                                                  pre_emptive_os/pre_emptive_os.a(kernel.o)
insertdNumber                                     main.o
isEmptyPrioQueue                                  pre_emptive_os/pre_emptive_os.a(prioqueue.o)
                                                  pre_emptive_os/pre_emptive_os.a(event.o)
isrNesting                                        pre_emptive_os/pre_emptive_os.a(kernel.o)
                                                  pre_emptive_os/pre_emptive_os.a(event.o)
                                                  pre_emptive_os/pre_emptive_os.a(count_sem.o)
                                                  pre_emptive_os/pre_emptive_os.a(a7hal_a.o)
ledMatrix                                         irq/irq_code.a(irq_timer1.o)
                                                  testLedMatrix.o
lowLevelInit                                      startup/libea_startup_thumb.a(framework.o)
                                                  startup/libea_startup_thumb.a(startup.o)
main                                              main.o
                                                  startup/libea_startup_thumb.a(startup.o)
memcpy                                            /cygdrive/c/Embedded/GNUARM/bin/../lib/gcc/arm-elf/4.1.1/../../../../arm-elf/lib/interwork/libc.a(memcpy.o)
                                                  startup/libea_startup_thumb.a(consol.o)
                                                  testI2C.o
                                                  main.o
newLineLCD                                        testLcd.o
                                                  main.o
osCreateProcess                                   pre_emptive_os/pre_emptive_os.a(kernel.o)
                                                  pre_emptive_os/pre_emptive_os.a(timer.o)
                                                  main.o
osCreateTimer                                     pre_emptive_os/pre_emptive_os.a(timer.o)
osDeleteProcess                                   pre_emptive_os/pre_emptive_os.a(kernel.o)
                                                  main.o
osDeleteTimer                                     pre_emptive_os/pre_emptive_os.a(timer.o)
osGetHighPrioProc                                 pre_emptive_os/pre_emptive_os.a(kernel.o)
osISREnter                                        pre_emptive_os/pre_emptive_os.a(kernel.o)
osISRExit                                         pre_emptive_os/pre_emptive_os.a(kernel.o)
                                                  pre_emptive_os/pre_emptive_os.a(a7hal_a.o)
osInit                                            pre_emptive_os/pre_emptive_os.a(kernel.o)
                                                  main.o
osInitTimers                                      pre_emptive_os/pre_emptive_os.a(timer.o)
osLockNesting                                     pre_emptive_os/pre_emptive_os.a(kernel.o)
osPid                                             pre_emptive_os/pre_emptive_os.a(kernel.o)
osResume                                          pre_emptive_os/pre_emptive_os.a(kernel.o)
osSemGive                                         pre_emptive_os/pre_emptive_os.a(count_sem.o)
                                                  pre_emptive_os/pre_emptive_os.a(timer.o)
osSemInit                                         pre_emptive_os/pre_emptive_os.a(count_sem.o)
                                                  pre_emptive_os/pre_emptive_os.a(timer.o)
osSemTake                                         pre_emptive_os/pre_emptive_os.a(count_sem.o)
                                                  pre_emptive_os/pre_emptive_os.a(timer.o)
osSemTryTake                                      pre_emptive_os/pre_emptive_os.a(count_sem.o)
osSleep                                           pre_emptive_os/pre_emptive_os.a(kernel.o)
                                                  testAdc.o
                                                  testI2C.o
                                                  testMotor.o
                                                  testLcd.o
                                                  main.o
osStackUsage                                      pre_emptive_os/pre_emptive_os.a(stack_usage.o)
osStart                                           pre_emptive_os/pre_emptive_os.a(kernel.o)
                                                  main.o
osStartProcess                                    pre_emptive_os/pre_emptive_os.a(kernel.o)
                                                  pre_emptive_os/pre_emptive_os.a(timer.o)
                                                  main.o
osSuspend                                         pre_emptive_os/pre_emptive_os.a(kernel.o)
osTick                                            pre_emptive_os/pre_emptive_os.a(kernel.o)
                                                  pre_emptive_os/pre_emptive_os.a(a7hal.o)
pHeapEnd                                          startup/libea_startup_thumb.a(framework.o)
pHeapStart                                        startup/libea_startup_thumb.a(framework.o)
pNxtToRun                                         pre_emptive_os/pre_emptive_os.a(kernel.o)
                                                  pre_emptive_os/pre_emptive_os.a(a7hal_a.o)
pRunProc                                          pre_emptive_os/pre_emptive_os.a(kernel.o)
                                                  pre_emptive_os/pre_emptive_os.a(event.o)
                                                  pre_emptive_os/pre_emptive_os.a(a7hal_a.o)
pattern                                           testLedMatrix.o
                                                  irq/irq_code.a(irq_timer1.o)
pause                                             main.o
processControlBlocks                              pre_emptive_os/pre_emptive_os.a(event.o)
                                                  pre_emptive_os/pre_emptive_os.a(stack_usage.o)
                                                  pre_emptive_os/pre_emptive_os.a(kernel.o)
rmvFromPrioQueue                                  pre_emptive_os/pre_emptive_os.a(prioqueue.o)
                                                  pre_emptive_os/pre_emptive_os.a(event.o)
                                                  pre_emptive_os/pre_emptive_os.a(kernel.o)
rmvFromRdyList                                    pre_emptive_os/pre_emptive_os.a(kernel.o)
                                                  pre_emptive_os/pre_emptive_os.a(event.o)
rmvFromTimeList                                   pre_emptive_os/pre_emptive_os.a(kernel.o)
                                                  pre_emptive_os/pre_emptive_os.a(event.o)
schedule                                          pre_emptive_os/pre_emptive_os.a(kernel.o)
                                                  pre_emptive_os/pre_emptive_os.a(event.o)
                                                  pre_emptive_os/pre_emptive_os.a(count_sem.o)
send_SPI                                          irq/irq_code.a(irq_timer1.o)
simplePrintf                                      startup/libea_startup_thumb.a(consol.o)
                                                  testAdc.o
                                                  testI2C.o
                                                  main.o
startHighProc_oshal                               pre_emptive_os/pre_emptive_os.a(a7hal_a.o)
                                                  pre_emptive_os/pre_emptive_os.a(kernel.o)
stkFrameInit_oshal                                pre_emptive_os/pre_emptive_os.a(a7hal.o)
                                                  pre_emptive_os/pre_emptive_os.a(kernel.o)
strlen                                            /cygdrive/c/Embedded/GNUARM/bin/../lib/gcc/arm-elf/4.1.1/../../../../arm-elf/lib/interwork/libc.a(strlen.o)
                                                  startup/libea_startup_thumb.a(consol.o)
                                                  testI2C.o
strtol                                            /cygdrive/c/Embedded/GNUARM/bin/../lib/gcc/arm-elf/4.1.1/../../../../arm-elf/lib/interwork/libc.a(strtol.o)
                                                  /cygdrive/c/Embedded/GNUARM/bin/../lib/gcc/arm-elf/4.1.1/../../../../arm-elf/lib/interwork/libc.a(atoi.o)
testAdc                                           testAdc.o
testArrow                                         testLedMatrix.o
                                                  main.o
testEEPROM                                        testI2C.o
testI2C                                           testI2C.o
testLcd                                           testLcd.o
                                                  main.o
testLedMatrix                                     testLedMatrix.o
                                                  main.o
testMotor                                         testMotor.o
                                                  main.o
testRGB                                           testRGB.o
                                                  main.o
time_ticks                                        irq/irq_code.a(irq_timer1.o)
                                                  main.o
timerIsr_oshal                                    pre_emptive_os/pre_emptive_os.a(a7hal.o)
timerTick                                         pre_emptive_os/pre_emptive_os.a(timer.o)
                                                  pre_emptive_os/pre_emptive_os.a(kernel.o)
writeInfo                                         main.o
writeStr                                          testLcd.o
                                                  main.o
